Archive member included to satisfy reference by file (symbol)

C:/ST/STM32CubeIDE_2.0.0/STM32CubeIDE/plugins/com.st.stm32cube.ide.mcu.externaltools.gnu-tools-for-stm32.13.3.rel1.win32_1.0.100.202509120712/tools/bin/../lib/gcc/arm-none-eabi/13.3.1/../../../../arm-none-eabi/lib/thumb/v7e-m+dp/hard\libc_nano.a(libc_a-exit.o)
                              C:/ST/STM32CubeIDE_2.0.0/STM32CubeIDE/plugins/com.st.stm32cube.ide.mcu.externaltools.gnu-tools-for-stm32.13.3.rel1.win32_1.0.100.202509120712/tools/bin/../lib/gcc/arm-none-eabi/13.3.1/../../../../arm-none-eabi/lib/thumb/v7e-m+dp/hard/crt0.o (exit)
C:/ST/STM32CubeIDE_2.0.0/STM32CubeIDE/plugins/com.st.stm32cube.ide.mcu.externaltools.gnu-tools-for-stm32.13.3.rel1.win32_1.0.100.202509120712/tools/bin/../lib/gcc/arm-none-eabi/13.3.1/../../../../arm-none-eabi/lib/thumb/v7e-m+dp/hard\libc_nano.a(libc_a-findfp.o)
                              C:/ST/STM32CubeIDE_2.0.0/STM32CubeIDE/plugins/com.st.stm32cube.ide.mcu.externaltools.gnu-tools-for-stm32.13.3.rel1.win32_1.0.100.202509120712/tools/bin/../lib/gcc/arm-none-eabi/13.3.1/../../../../arm-none-eabi/lib/thumb/v7e-m+dp/hard\libc_nano.a(libc_a-exit.o) (__stdio_exit_handler)
C:/ST/STM32CubeIDE_2.0.0/STM32CubeIDE/plugins/com.st.stm32cube.ide.mcu.externaltools.gnu-tools-for-stm32.13.3.rel1.win32_1.0.100.202509120712/tools/bin/../lib/gcc/arm-none-eabi/13.3.1/../../../../arm-none-eabi/lib/thumb/v7e-m+dp/hard\libc_nano.a(libc_a-fwalk.o)
                              C:/ST/STM32CubeIDE_2.0.0/STM32CubeIDE/plugins/com.st.stm32cube.ide.mcu.externaltools.gnu-tools-for-stm32.13.3.rel1.win32_1.0.100.202509120712/tools/bin/../lib/gcc/arm-none-eabi/13.3.1/../../../../arm-none-eabi/lib/thumb/v7e-m+dp/hard\libc_nano.a(libc_a-findfp.o) (_fwalk_sglue)
C:/ST/STM32CubeIDE_2.0.0/STM32CubeIDE/plugins/com.st.stm32cube.ide.mcu.externaltools.gnu-tools-for-stm32.13.3.rel1.win32_1.0.100.202509120712/tools/bin/../lib/gcc/arm-none-eabi/13.3.1/../../../../arm-none-eabi/lib/thumb/v7e-m+dp/hard\libc_nano.a(libc_a-stdio.o)
                              C:/ST/STM32CubeIDE_2.0.0/STM32CubeIDE/plugins/com.st.stm32cube.ide.mcu.externaltools.gnu-tools-for-stm32.13.3.rel1.win32_1.0.100.202509120712/tools/bin/../lib/gcc/arm-none-eabi/13.3.1/../../../../arm-none-eabi/lib/thumb/v7e-m+dp/hard\libc_nano.a(libc_a-findfp.o) (__sread)
C:/ST/STM32CubeIDE_2.0.0/STM32CubeIDE/plugins/com.st.stm32cube.ide.mcu.externaltools.gnu-tools-for-stm32.13.3.rel1.win32_1.0.100.202509120712/tools/bin/../lib/gcc/arm-none-eabi/13.3.1/../../../../arm-none-eabi/lib/thumb/v7e-m+dp/hard\libc_nano.a(libc_a-memset.o)
                              C:/ST/STM32CubeIDE_2.0.0/STM32CubeIDE/plugins/com.st.stm32cube.ide.mcu.externaltools.gnu-tools-for-stm32.13.3.rel1.win32_1.0.100.202509120712/tools/bin/../lib/gcc/arm-none-eabi/13.3.1/../../../../arm-none-eabi/lib/thumb/v7e-m+dp/hard/crt0.o (memset)
C:/ST/STM32CubeIDE_2.0.0/STM32CubeIDE/plugins/com.st.stm32cube.ide.mcu.externaltools.gnu-tools-for-stm32.13.3.rel1.win32_1.0.100.202509120712/tools/bin/../lib/gcc/arm-none-eabi/13.3.1/../../../../arm-none-eabi/lib/thumb/v7e-m+dp/hard\libc_nano.a(libc_a-closer.o)
                              C:/ST/STM32CubeIDE_2.0.0/STM32CubeIDE/plugins/com.st.stm32cube.ide.mcu.externaltools.gnu-tools-for-stm32.13.3.rel1.win32_1.0.100.202509120712/tools/bin/../lib/gcc/arm-none-eabi/13.3.1/../../../../arm-none-eabi/lib/thumb/v7e-m+dp/hard\libc_nano.a(libc_a-stdio.o) (_close_r)
C:/ST/STM32CubeIDE_2.0.0/STM32CubeIDE/plugins/com.st.stm32cube.ide.mcu.externaltools.gnu-tools-for-stm32.13.3.rel1.win32_1.0.100.202509120712/tools/bin/../lib/gcc/arm-none-eabi/13.3.1/../../../../arm-none-eabi/lib/thumb/v7e-m+dp/hard\libc_nano.a(libc_a-reent.o)
                              C:/ST/STM32CubeIDE_2.0.0/STM32CubeIDE/plugins/com.st.stm32cube.ide.mcu.externaltools.gnu-tools-for-stm32.13.3.rel1.win32_1.0.100.202509120712/tools/bin/../lib/gcc/arm-none-eabi/13.3.1/../../../../arm-none-eabi/lib/thumb/v7e-m+dp/hard\libc_nano.a(libc_a-closer.o) (errno)
C:/ST/STM32CubeIDE_2.0.0/STM32CubeIDE/plugins/com.st.stm32cube.ide.mcu.externaltools.gnu-tools-for-stm32.13.3.rel1.win32_1.0.100.202509120712/tools/bin/../lib/gcc/arm-none-eabi/13.3.1/../../../../arm-none-eabi/lib/thumb/v7e-m+dp/hard\libc_nano.a(libc_a-impure.o)
                              C:/ST/STM32CubeIDE_2.0.0/STM32CubeIDE/plugins/com.st.stm32cube.ide.mcu.externaltools.gnu-tools-for-stm32.13.3.rel1.win32_1.0.100.202509120712/tools/bin/../lib/gcc/arm-none-eabi/13.3.1/../../../../arm-none-eabi/lib/thumb/v7e-m+dp/hard\libc_nano.a(libc_a-reent.o) (_impure_ptr)
C:/ST/STM32CubeIDE_2.0.0/STM32CubeIDE/plugins/com.st.stm32cube.ide.mcu.externaltools.gnu-tools-for-stm32.13.3.rel1.win32_1.0.100.202509120712/tools/bin/../lib/gcc/arm-none-eabi/13.3.1/../../../../arm-none-eabi/lib/thumb/v7e-m+dp/hard\libc_nano.a(libc_a-lseekr.o)
[...]
Memory Configuration

Name             Origin             Length             Attributes
FLASH            0x08000000         0x00200000         xr
DTCMRAM          0x20000000         0x00020000         xrw
RAM_D1           0x24000000         0x00080000         xrw
RAM_D2           0x30000000         0x00048000         xrw
RAM_D3           0x38000000         0x00010000         xrw
ITCMRAM          0x00000000         0x00010000         xrw
*default*        0x00000000         0xffffffff

Linker script and memory map

LOAD C:/ST/STM32CubeIDE_2.0.0/STM32CubeIDE/plugins/com.st.stm32cube.ide.mcu.externaltools.gnu-tools-for-stm32.13.3.rel1.win32_1.0.100.202509120712/tools/bin/../lib/gcc/arm-none-eabi/13.3.1/thumb/v7e-m+dp/hard/crti.o
LOAD C:/ST/STM32CubeIDE_2.0.0/STM32CubeIDE/plugins/com.st.stm32cube.ide.mcu.externaltools.gnu-tools-for-stm32.13.3.rel1.win32_1.0.100.202509120712/tools/bin/../lib/gcc/arm-none-eabi/13.3.1/thumb/v7e-m+dp/hard/crtbegin.o
LOAD C:/ST/STM32CubeIDE_2.0.0/STM32CubeIDE/plugins/com.st.stm32cube.ide.mcu.externaltools.gnu-tools-for-stm32.13.3.rel1.win32_1.0.100.202509120712/tools/bin/../lib/gcc/arm-none-eabi/13.3.1/../../../../arm-none-eabi/lib/thumb/v7e-m+dp/hard/crt0.o
LOAD ./Core/Src/dma.o
LOAD ./Core/Src/gpio.o
LOAD ./Core/Src/i2c.o
LOAD ./Core/Src/i2s.o
LOAD ./Core/Src/main.o
LOAD ./Core/Src/stm32h7xx_hal_msp.o
LOAD ./Core/Src/stm32h7xx_it.o
LOAD ./Core/Src/syscalls.o
LOAD ./Core/Src/sysmem.o
LOAD ./Core/Src/system_stm32h7xx.o
LOAD ./Core/Src/usart.o
LOAD ./Core/Startup/startup_stm32h743vitx.o
LOAD ./Drivers/STM32H7xx_HAL_Driver/Src/stm32h7xx_hal.o
LOAD ./Drivers/STM32H7xx_HAL_Driver/Src/stm32h7xx_hal_cortex.o
LOAD ./Drivers/STM32H7xx_HAL_Driver/Src/stm32h7xx_hal_dma.o
LOAD ./Drivers/STM32H7xx_HAL_Driver/Src/stm32h7xx_hal_dma_ex.o
LOAD ./Drivers/STM32H7xx_HAL_Driver/Src/stm32h7xx_hal_exti.o
LOAD ./Drivers/STM32H7xx_HAL_Driver/Src/stm32h7xx_hal_flash.o
LOAD ./Drivers/STM32H7xx_HAL_Driver/Src/stm32h7xx_hal_flash_ex.o
LOAD ./Drivers/STM32H7xx_HAL_Driver/Src/stm32h7xx_hal_gpio.o
LOAD ./Drivers/STM32H7xx_HAL_Driver/Src/stm32h7xx_hal_hsem.o
LOAD ./Drivers/STM32H7xx_HAL_Driver/Src/stm32h7xx_hal_i2c.o
LOAD ./Drivers/STM32H7xx_HAL_Driver/Src/stm32h7xx_hal_i2c_ex.o
LOAD ./Drivers/STM32H7xx_HAL_Driver/Src/stm32h7xx_hal_i2s.o
LOAD ./Drivers/STM32H7xx_HAL_Driver/Src/stm32h7xx_hal_i2s_ex.o
LOAD ./Drivers/STM32H7xx_HAL_Driver/Src/stm32h7xx_hal_mdma.o
LOAD ./Drivers/STM32H7xx_HAL_Driver/Src/stm32h7xx_hal_pcd.o
LOAD ./Drivers/STM32H7xx_HAL_Driver/Src/stm32h7xx_hal_pcd_ex.o
LOAD ./Drivers/STM32H7xx_HAL_Driver/Src/stm32h7xx_hal_pwr.o
LOAD ./Drivers/STM32H7xx_HAL_Driver/Src/stm32h7xx_hal_pwr_ex.o
LOAD ./Drivers/STM32H7xx_HAL_Driver/Src/stm32h7xx_hal_rcc.o
LOAD ./Drivers/STM32H7xx_HAL_Driver/Src/stm32h7xx_hal_rcc_ex.o
LOAD ./Drivers/STM32H7xx_HAL_Driver/Src/stm32h7xx_hal_tim.o
LOAD ./Drivers/STM32H7xx_HAL_Driver/Src/stm32h7xx_hal_tim_ex.o
LOAD ./Drivers/STM32H7xx_HAL_Driver/Src/stm32h7xx_hal_uart.o
LOAD ./Drivers/STM32H7xx_HAL_Driver/Src/stm32h7xx_hal_uart_ex.o
LOAD ./Drivers/STM32H7xx_HAL_Driver/Src/stm32h7xx_ll_usb.o
LOAD ./Middlewares/ST/STM32_USB_Device_Library/Class/CDC/Src/usbd_cdc.o
LOAD ./Middlewares/ST/STM32_USB_Device_Library/Core/Src/usbd_core.o
LOAD ./Middlewares/ST/STM32_USB_Device_Library/Core/Src/usbd_ctlreq.o
LOAD ./Middlewares/ST/STM32_USB_Device_Library/Core/Src/usbd_ioreq.o
LOAD ./USB_DEVICE/App/usb_device.o
LOAD ./USB_DEVICE/App/usbd_cdc_if.o
LOAD ./USB_DEVICE/App/usbd_desc.o
LOAD ./USB_DEVICE/Target/usbd_conf.o
START GROUP
LOAD C:/ST/STM32CubeIDE_2.0.0/STM32CubeIDE/plugins/com.st.stm32cube.ide.mcu.externaltools.gnu-tools-for-stm32.13.3.rel1.win32_1.0.100.202509120712/tools/bin/../lib/gcc/arm-none-eabi/13.3.1/../../../../arm-none-eabi/lib/thumb/v7e-m+dp/hard\libc_nano.a
LOAD C:/ST/STM32CubeIDE_2.0.0/STM32CubeIDE/plugins/com.st.stm32cube.ide.mcu.externaltools.gnu-tools-for-stm32.13.3.rel1.win32_1.0.100.202509120712/tools/bin/../lib/gcc/arm-none-eabi/13.3.1/../../../../arm-none-eabi/lib/thumb/v7e-m+dp/hard\libm.a
END GROUP
START GROUP
LOAD C:/ST/STM32CubeIDE_2.0.0/STM32CubeIDE/plugins/com.st.stm32cube.ide.mcu.externaltools.gnu-tools-for-stm32.13.3.rel1.win32_1.0.100.202509120712/tools/bin/../lib/gcc/arm-none-eabi/13.3.1/thumb/v7e-m+dp/hard\libgcc.a
LOAD C:/ST/STM32CubeIDE_2.0.0/STM32CubeIDE/plugins/com.st.stm32cube.ide.mcu.externaltools.gnu-tools-for-stm32.13.3.rel1.win32_1.0.100.202509120712/tools/bin/../lib/gcc/arm-none-eabi/13.3.1/../../../../arm-none-eabi/lib/thumb/v7e-m+dp/hard\libc_nano.a
END GROUP
START GROUP
LOAD C:/ST/STM32CubeIDE_2.0.0/STM32CubeIDE/plugins/com.st.stm32cube.ide.mcu.externaltools.gnu-tools-for-stm32.13.3.rel1.win32_1.0.100.202509120712/tools/bin/../lib/gcc/arm-none-eabi/13.3.1/thumb/v7e-m+dp/hard\libgcc.a
LOAD C:/ST/STM32CubeIDE_2.0.0/STM32CubeIDE/plugins/com.st.stm32cube.ide.mcu.externaltools.gnu-tools-for-stm32.13.3.rel1.win32_1.0.100.202509120712/tools/bin/../lib/gcc/arm-none-eabi/13.3.1/../../../../arm-none-eabi/lib/thumb/v7e-m+dp/hard\libc_nano.a
LOAD C:/ST/STM32CubeIDE_2.0.0/STM32CubeIDE/plugins/com.st.stm32cube.ide.mcu.externaltools.gnu-tools-for-stm32.13.3.rel1.win32_1.0.100.202509120712/tools/bin/../lib/gcc/arm-none-eabi/13.3.1/../../../../arm-none-eabi/lib/thumb/v7e-m+dp/hard\libnosys.a
END GROUP
START GROUP
LOAD C:/ST/STM32CubeIDE_2.0.0/STM32CubeIDE/plugins/com.st.stm32cube.ide.mcu.externaltools.gnu-tools-for-stm32.13.3.rel1.win32_1.0.100.202509120712/tools/bin/../lib/gcc/arm-none-eabi/13.3.1/thumb/v7e-m+dp/hard\libgcc.a
LOAD C:/ST/STM32CubeIDE_2.0.0/STM32CubeIDE/plugins/com.st.stm32cube.ide.mcu.externaltools.gnu-tools-for-stm32.13.3.rel1.win32_1.0.100.202509120712/tools/bin/../lib/gcc/arm-none-eabi/13.3.1/../../../../arm-none-eabi/lib/thumb/v7e-m+dp/hard\libc_nano.a
LOAD C:/ST/STM32CubeIDE_2.0.0/STM32CubeIDE/plugins/com.st.stm32cube.ide.mcu.externaltools.gnu-tools-for-stm32.13.3.rel1.win32_1.0.100.202509120712/tools/bin/../lib/gcc/arm-none-eabi/13.3.1/../../../../arm-none-eabi/lib/thumb/v7e-m+dp/hard\libnosys.a
END GROUP
LOAD C:/ST/STM32CubeIDE_2.0.0/STM32CubeIDE/plugins/com.st.stm32cube.ide.mcu.externaltools.gnu-tools-for-stm32.13.3.rel1.win32_1.0.100.202509120712/tools/bin/../lib/gcc/arm-none-eabi/13.3.1/thumb/v7e-m+dp/hard/crtend.o
LOAD C:/ST/STM32CubeIDE_2.0.0/STM32CubeIDE/plugins/com.st.stm32cube.ide.mcu.externaltools.gnu-tools-for-stm32.13.3.rel1.win32_1.0.100.202509120712/tools/bin/../lib/gcc/arm-none-eabi/13.3.1/thumb/v7e-m+dp/hard/crtn.o
                0x24080000                        _estack = (ORIGIN (RAM_D1) + LENGTH (RAM_D1))
                0x00000200                        _Min_Heap_Size = 0x200
                0x00000400                        _Min_Stack_Size = 0x400

.isr_vector     0x08000000      0x298
                0x08000000                        . = ALIGN (0x4)
 *(.isr_vector)
 .isr_vector    0x08000000      0x298 ./Core/Startup/startup_stm32h743vitx.o
                0x08000000                g_pfnVectors
                0x08000298                        . = ALIGN (0x4)

.text           0x08000298     0xee6c
                0x08000298                        . = ALIGN (0x4)
 *(.text)
 .text          0x08000298       0x40 C:/ST/STM32CubeIDE_2.0.0/STM32CubeIDE/plugins/com.st.stm32cube.ide.mcu.externaltools.gnu-tools-for-stm32.13.3.rel1.win32_1.0.100.202509120712/tools/bin/../lib/gcc/arm-none-eabi/13.3.1/thumb/v7e-m+dp/hard/crtbegin.o
 .text          0x080002d8       0x30 C:/ST/STM32CubeIDE_2.0.0/STM32CubeIDE/plugins/com.st.stm32cube.ide.mcu.externaltools.gnu-tools-for-stm32.13.3.rel1.win32_1.0.100.202509120712/tools/bin/../lib/gcc/arm-none-eabi/13.3.1/thumb/v7e-m+dp/hard\libgcc.a(_aeabi_uldivmod.o)
                0x080002d8                __aeabi_uldivmod
 .text          0x08000308      0x2f8 C:/ST/STM32CubeIDE_2.0.0/STM32CubeIDE/plugins/com.st.stm32cube.ide.mcu.externaltools.gnu-tools-for-stm32.13.3.rel1.win32_1.0.100.202509120712/tools/bin/../lib/gcc/arm-none-eabi/13.3.1/thumb/v7e-m+dp/hard\libgcc.a(_udivmoddi4.o)
                0x08000308                __udivmoddi4
 .text          0x08000600        0x4 C:/ST/STM32CubeIDE_2.0.0/STM32CubeIDE/plugins/com.st.stm32cube.ide.mcu.externaltools.gnu-tools-for-stm32.13.3.rel1.win32_1.0.100.202509120712/tools/bin/../lib/gcc/arm-none-eabi/13.3.1/thumb/v7e-m+dp/hard\libgcc.a(_dvmd_tls.o)
                0x08000600                __aeabi_idiv0
                0x08000600                __aeabi_ldiv0
 *(.text*)
 .text.MX_DMA_Init
                0x08000604       0x50 ./Core/Src/dma.o
                0x08000604                MX_DMA_Init
 .text.MX_GPIO_Init
                0x08000654       0xe4 ./Core/Src/gpio.o
                0x08000654                MX_GPIO_Init
 .text.MX_I2C1_Init
                0x08000738       0x80 ./Core/Src/i2c.o
                0x08000738                MX_I2C1_Init
 .text.HAL_I2C_MspInit
                0x080007b8       0xd0 ./Core/Src/i2c.o
                0x080007b8                HAL_I2C_MspInit
 .text.MX_I2S1_Init
                0x08000888       0x64 ./Core/Src/i2s.o
                0x08000888                MX_I2S1_Init
 .text.MX_I2S2_Init
                0x080008ec       0x68 ./Core/Src/i2s.o
                0x080008ec                MX_I2S2_Init
 .text.HAL_I2S_MspInit
                0x08000954      0x294 ./Core/Src/i2s.o
                0x08000954                HAL_I2S_MspInit
 .text.FirstHalfProcessAudio
                0x08000be8       0x70 ./Core/Src/main.o
                0x08000be8                FirstHalfProcessAudio
 .text.SecondHalfProcessAudio
                0x08000c58       0x74 ./Core/Src/main.o
                0x08000c58                SecondHalfProcessAudio
 .text.DAC3100_SetPage
                0x08000ccc       0x44 ./Core/Src/main.o
                0x08000ccc                DAC3100_SetPage
 .text.DAC3100_WriteRegister
                0x08000d10       0x32 ./Core/Src/main.o
                0x08000d10                DAC3100_WriteRegister
 .text.DAC3100_Init
                0x08000d42      0x164 ./Core/Src/main.o
                0x08000d42                DAC3100_Init
 *fill*         0x08000ea6        0x2 
 .text.main     0x08000ea8       0xfc ./Core/Src/main.o
                0x08000ea8                main
 .text.SystemClock_Config
                0x08000fa4      0x100 ./Core/Src/main.o
                0x08000fa4                SystemClock_Config
 .text.HAL_I2S_RxHalfCpltCallback
                0x080010a4       0x2c ./Core/Src/main.o
                0x080010a4                HAL_I2S_RxHalfCpltCallback
 .text.HAL_I2S_RxCpltCallback
                0x080010d0       0x2c ./Core/Src/main.o
                0x080010d0                HAL_I2S_RxCpltCallback
 .text.MPU_Config
                0x080010fc       0x58 ./Core/Src/main.o
 .text.Error_Handler
                0x08001154        0xc ./Core/Src/main.o
                0x08001154                Error_Handler
 .text.HAL_MspInit
                0x08001160       0x34 ./Core/Src/stm32h7xx_hal_msp.o
                0x08001160                HAL_MspInit
 .text.NMI_Handler
                0x08001194        0x8 ./Core/Src/stm32h7xx_it.o
                0x08001194                NMI_Handler
 .text.HardFault_Handler
                0x0800119c        0x8 ./Core/Src/stm32h7xx_it.o
                0x0800119c                HardFault_Handler
 .text.MemManage_Handler
                0x080011a4        0x8 ./Core/Src/stm32h7xx_it.o
                0x080011a4                MemManage_Handler
 .text.BusFault_Handler
                0x080011ac        0x8 ./Core/Src/stm32h7xx_it.o
                0x080011ac                BusFault_Handler
 .text.UsageFault_Handler
                0x080011b4        0x8 ./Core/Src/stm32h7xx_it.o
                0x080011b4                UsageFault_Handler
 .text.SVC_Handler
                0x080011bc        0xe ./Core/Src/stm32h7xx_it.o
                0x080011bc                SVC_Handler
 .text.DebugMon_Handler
                0x080011ca        0xe ./Core/Src/stm32h7xx_it.o
                0x080011ca                DebugMon_Handler
 .text.PendSV_Handler
                0x080011d8        0xe ./Core/Src/stm32h7xx_it.o
                0x080011d8                PendSV_Handler
 .text.SysTick_Handler
                0x080011e6        0xc ./Core/Src/stm32h7xx_it.o
                0x080011e6                SysTick_Handler
 *fill*         0x080011f2        0x2 
 .text.DMA1_Stream0_IRQHandler
                0x080011f4       0x14 ./Core/Src/stm32h7xx_it.o
                0x080011f4                DMA1_Stream0_IRQHandler
 .text.DMA1_Stream1_IRQHandler
                0x08001208       0x14 ./Core/Src/stm32h7xx_it.o
                0x08001208                DMA1_Stream1_IRQHandler
 .text.OTG_FS_IRQHandler
                0x0800121c       0x14 ./Core/Src/stm32h7xx_it.o
                0x0800121c                OTG_FS_IRQHandler
 .text.SystemInit
                0x08001230      0x140 ./Core/Src/system_stm32h7xx.o
                0x08001230                SystemInit
 .text.ExitRun0Mode
                0x08001370       0x30 ./Core/Src/system_stm32h7xx.o
                0x08001370                ExitRun0Mode
 .text.MX_USART1_UART_Init
                0x080013a0       0x98 ./Core/Src/usart.o
                0x080013a0                MX_USART1_UART_Init
 .text.HAL_UART_MspInit
                0x08001438       0xd4 ./Core/Src/usart.o
                0x08001438                HAL_UART_MspInit
 .text.Reset_Handler
                0x0800150c       0x54 ./Core/Startup/startup_stm32h743vitx.o
                0x0800150c                Reset_Handler
 .text.Default_Handler
                0x08001560        0x2 ./Core/Startup/startup_stm32h743vitx.o
                0x08001560                RTC_Alarm_IRQHandler
                0x08001560                EXTI2_IRQHandler
                0x08001560                TIM8_CC_IRQHandler
                0x08001560                HRTIM1_Master_IRQHandler
                0x08001560                UART8_IRQHandler
                0x08001560                SPI4_IRQHandler
                0x08001560                TIM1_CC_IRQHandler
                0x08001560                BDMA_Channel6_IRQHandler
                0x08001560                DMA2_Stream5_IRQHandler
                0x08001560                HRTIM1_FLT_IRQHandler
                0x08001560                JPEG_IRQHandler
                0x08001560                DMA1_Stream5_IRQHandler
                0x08001560                BDMA_Channel1_IRQHandler
                0x08001560                HRTIM1_TIMD_IRQHandler
                0x08001560                TAMP_STAMP_IRQHandler
                0x08001560                EXTI3_IRQHandler
                0x08001560                LPTIM4_IRQHandler
                0x08001560                TIM8_TRG_COM_TIM14_IRQHandler
                0x08001560                LPTIM2_IRQHandler
                0x08001560                DFSDM1_FLT1_IRQHandler
                0x08001560                DMAMUX2_OVR_IRQHandler
                0x08001560                TIM8_UP_TIM13_IRQHandler
                0x08001560                I2C3_ER_IRQHandler
                0x08001560                DFSDM1_FLT2_IRQHandler
                0x08001560                MDMA_IRQHandler
                0x08001560                LPTIM3_IRQHandler
                0x08001560                HSEM1_IRQHandler
                0x08001560                EXTI0_IRQHandler
                0x08001560                I2C2_EV_IRQHandler
                0x08001560                DMA1_Stream2_IRQHandler
                0x08001560                FPU_IRQHandler
                0x08001560                OTG_HS_WKUP_IRQHandler
                0x08001560                FDCAN1_IT1_IRQHandler
                0x08001560                LTDC_ER_IRQHandler
                0x08001560                DMA2_Stream2_IRQHandler
                0x08001560                HRTIM1_TIME_IRQHandler
                0x08001560                SPI1_IRQHandler
                0x08001560                TIM6_DAC_IRQHandler
                0x08001560                DCMI_IRQHandler
                0x08001560                HRTIM1_TIMC_IRQHandler
                0x08001560                DMA2_Stream3_IRQHandler
                0x08001560                SAI2_IRQHandler
                0x08001560                DFSDM1_FLT3_IRQHandler
                0x08001560                USART6_IRQHandler
                0x08001560                TIM17_IRQHandler
                0x08001560                USART3_IRQHandler
                0x08001560                BDMA_Channel7_IRQHandler
                0x08001560                LPTIM5_IRQHandler
                0x08001560                UART5_IRQHandler
                0x08001560                ADC3_IRQHandler
                0x08001560                DMA2_Stream0_IRQHandler
                0x08001560                TIM4_IRQHandler
                0x08001560                BDMA_Channel2_IRQHandler
                0x08001560                QUADSPI_IRQHandler
                0x08001560                I2C1_EV_IRQHandler
                0x08001560                DMA1_Stream6_IRQHandler
                0x08001560                DMAMUX1_OVR_IRQHandler
                0x08001560                TIM16_IRQHandler
                0x08001560                UART4_IRQHandler
                0x08001560                BDMA_Channel5_IRQHandler
                0x08001560                TIM3_IRQHandler
                0x08001560                RCC_IRQHandler
                0x08001560                TIM8_BRK_TIM12_IRQHandler
                0x08001560                TIM1_TRG_COM_IRQHandler
                0x08001560                Default_Handler
                0x08001560                ECC_IRQHandler
                0x08001560                CEC_IRQHandler
                0x08001560                EXTI15_10_IRQHandler
                0x08001560                BDMA_Channel0_IRQHandler
                0x08001560                ADC_IRQHandler
                0x08001560                DMA1_Stream7_IRQHandler
                0x08001560                HRTIM1_TIMA_IRQHandler
                0x08001560                SPI5_IRQHandler
                0x08001560                TIM7_IRQHandler
                0x08001560                SDMMC1_IRQHandler
                0x08001560                TIM5_IRQHandler
                0x08001560                DMA2_Stream7_IRQHandler
                0x08001560                TIM15_IRQHandler
                0x08001560                PVD_AVD_IRQHandler
                0x08001560                I2C3_EV_IRQHandler
                0x08001560                EXTI9_5_IRQHandler
                0x08001560                RTC_WKUP_IRQHandler
                0x08001560                LTDC_IRQHandler
                0x08001560                SAI3_IRQHandler
                0x08001560                ETH_WKUP_IRQHandler
                0x08001560                SPDIF_RX_IRQHandler
                0x08001560                SPI2_IRQHandler
                0x08001560                OTG_HS_EP1_IN_IRQHandler
                0x08001560                CRS_IRQHandler
                0x08001560                EXTI4_IRQHandler
                0x08001560                RNG_IRQHandler
                0x08001560                HRTIM1_TIMB_IRQHandler
                0x08001560                FDCAN2_IT1_IRQHandler
                0x08001560                ETH_IRQHandler
                0x08001560                TIM1_UP_IRQHandler
                0x08001560                BDMA_Channel4_IRQHandler
                0x08001560                OTG_HS_EP1_OUT_IRQHandler
                0x08001560                WWDG_IRQHandler
                0x08001560                SPI6_IRQHandler
                0x08001560                MDIOS_IRQHandler
                0x08001560                I2C4_EV_IRQHandler
                0x08001560                FDCAN2_IT0_IRQHandler
                0x08001560                LPUART1_IRQHandler
                0x08001560                FDCAN1_IT0_IRQHandler
                0x08001560                TIM2_IRQHandler
                0x08001560                OTG_FS_WKUP_IRQHandler
                0x08001560                OTG_HS_IRQHandler
                0x08001560                DMA2D_IRQHandler
                0x08001560                TIM1_BRK_IRQHandler
                0x08001560                EXTI1_IRQHandler
                0x08001560                SDMMC2_IRQHandler
                0x08001560                OTG_FS_EP1_OUT_IRQHandler
                0x08001560                BDMA_Channel3_IRQHandler
                0x08001560                UART7_IRQHandler
                0x08001560                MDIOS_WKUP_IRQHandler
                0x08001560                USART2_IRQHandler
                0x08001560                DFSDM1_FLT0_IRQHandler
                0x08001560                SAI4_IRQHandler
                0x08001560                I2C2_ER_IRQHandler
                0x08001560                DMA2_Stream1_IRQHandler
                0x08001560                FLASH_IRQHandler
                0x08001560                DMA2_Stream4_IRQHandler
                0x08001560                USART1_IRQHandler
                0x08001560                SPI3_IRQHandler
                0x08001560                WAKEUP_PIN_IRQHandler
                0x08001560                DMA1_Stream4_IRQHandler
                0x08001560                OTG_FS_EP1_IN_IRQHandler
                0x08001560                I2C1_ER_IRQHandler
                0x08001560                FMC_IRQHandler
                0x08001560                FDCAN_CAL_IRQHandler
                0x08001560                SWPMI1_IRQHandler
                0x08001560                COMP1_IRQHandler
                0x08001560                LPTIM1_IRQHandler
                0x08001560                I2C4_ER_IRQHandler
                0x08001560                DMA2_Stream6_IRQHandler
                0x08001560                SAI1_IRQHandler
                0x08001560                DMA1_Stream3_IRQHandler
 *fill*         0x08001562        0x2 
 .text.HAL_Init
                0x08001564       0x78 ./Drivers/STM32H7xx_HAL_Driver/Src/stm32h7xx_hal.o
                0x08001564                HAL_Init
 .text.HAL_InitTick
                0x080015dc       0x6c ./Drivers/STM32H7xx_HAL_Driver/Src/stm32h7xx_hal.o
                0x080015dc                HAL_InitTick
 .text.HAL_IncTick
                0x08001648       0x28 ./Drivers/STM32H7xx_HAL_Driver/Src/stm32h7xx_hal.o
                0x08001648                HAL_IncTick
 .text.HAL_GetTick
                0x08001670       0x18 ./Drivers/STM32H7xx_HAL_Driver/Src/stm32h7xx_hal.o
                0x08001670                HAL_GetTick
 .text.HAL_Delay
                0x08001688       0x48 ./Drivers/STM32H7xx_HAL_Driver/Src/stm32h7xx_hal.o
                0x08001688                HAL_Delay
 .text.HAL_GetREVID
                0x080016d0       0x18 ./Drivers/STM32H7xx_HAL_Driver/Src/stm32h7xx_hal.o
                0x080016d0                HAL_GetREVID
 .text.__NVIC_SetPriorityGrouping
                0x080016e8       0x48 ./Drivers/STM32H7xx_HAL_Driver/Src/stm32h7xx_hal_cortex.o
 .text.__NVIC_GetPriorityGrouping
                0x08001730       0x1c ./Drivers/STM32H7xx_HAL_Driver/Src/stm32h7xx_hal_cortex.o
 .text.__NVIC_EnableIRQ
                0x0800174c       0x3c ./Drivers/STM32H7xx_HAL_Driver/Src/stm32h7xx_hal_cortex.o
 .text.__NVIC_SetPriority
                0x08001788       0x54 ./Drivers/STM32H7xx_HAL_Driver/Src/stm32h7xx_hal_cortex.o
 .text.NVIC_EncodePriority
                0x080017dc       0x66 ./Drivers/STM32H7xx_HAL_Driver/Src/stm32h7xx_hal_cortex.o
 *fill*         0x08001842        0x2 
 .text.SysTick_Config
                0x08001844       0x44 ./Drivers/STM32H7xx_HAL_Driver/Src/stm32h7xx_hal_cortex.o
 .text.HAL_NVIC_SetPriorityGrouping
                0x08001888       0x16 ./Drivers/STM32H7xx_HAL_Driver/Src/stm32h7xx_hal_cortex.o
                0x08001888                HAL_NVIC_SetPriorityGrouping
 .text.HAL_NVIC_SetPriority
                0x0800189e       0x34 ./Drivers/STM32H7xx_HAL_Driver/Src/stm32h7xx_hal_cortex.o
                0x0800189e                HAL_NVIC_SetPriority
 .text.HAL_NVIC_EnableIRQ
                0x080018d2       0x1c ./Drivers/STM32H7xx_HAL_Driver/Src/stm32h7xx_hal_cortex.o
                0x080018d2                HAL_NVIC_EnableIRQ
 .text.HAL_SYSTICK_Config
                0x080018ee       0x18 ./Drivers/STM32H7xx_HAL_Driver/Src/stm32h7xx_hal_cortex.o
                0x080018ee                HAL_SYSTICK_Config
 *fill*         0x08001906        0x2 
 .text.HAL_MPU_Disable
                0x08001908       0x30 ./Drivers/STM32H7xx_HAL_Driver/Src/stm32h7xx_hal_cortex.o
                0x08001908                HAL_MPU_Disable
 .text.HAL_MPU_Enable
                0x08001938       0x40 ./Drivers/STM32H7xx_HAL_Driver/Src/stm32h7xx_hal_cortex.o
                0x08001938                HAL_MPU_Enable
 .text.HAL_MPU_ConfigRegion
                0x08001978       0x80 ./Drivers/STM32H7xx_HAL_Driver/Src/stm32h7xx_hal_cortex.o
                0x08001978                HAL_MPU_ConfigRegion
 .text.HAL_DMA_Init
                0x080019f8      0x6b8 ./Drivers/STM32H7xx_HAL_Driver/Src/stm32h7xx_hal_dma.o
                0x080019f8                HAL_DMA_Init
 .text.HAL_DMA_Start_IT
                0x080020b0      0x4d4 ./Drivers/STM32H7xx_HAL_Driver/Src/stm32h7xx_hal_dma.o
                0x080020b0                HAL_DMA_Start_IT
 .text.HAL_DMA_IRQHandler
                0x08002584      0xe54 ./Drivers/STM32H7xx_HAL_Driver/Src/stm32h7xx_hal_dma.o
                0x08002584                HAL_DMA_IRQHandler
 .text.DMA_SetConfig
                0x080033d8      0x358 ./Drivers/STM32H7xx_HAL_Driver/Src/stm32h7xx_hal_dma.o
 .text.DMA_CalcBaseAndBitshift
                0x08003730      0x164 ./Drivers/STM32H7xx_HAL_Driver/Src/stm32h7xx_hal_dma.o
 .text.DMA_CheckFifoParam
                0x08003894       0xf8 ./Drivers/STM32H7xx_HAL_Driver/Src/stm32h7xx_hal_dma.o
 .text.DMA_CalcDMAMUXChannelBaseAndMask
                0x0800398c      0x134 ./Drivers/STM32H7xx_HAL_Driver/Src/stm32h7xx_hal_dma.o
 .text.DMA_CalcDMAMUXRequestGenBaseAndMask
                0x08003ac0       0xe8 ./Drivers/STM32H7xx_HAL_Driver/Src/stm32h7xx_hal_dma.o
 .text.HAL_GPIO_Init
                0x08003ba8      0x360 ./Drivers/STM32H7xx_HAL_Driver/Src/stm32h7xx_hal_gpio.o
                0x08003ba8                HAL_GPIO_Init
 .text.HAL_GPIO_WritePin
                0x08003f08       0x32 ./Drivers/STM32H7xx_HAL_Driver/Src/stm32h7xx_hal_gpio.o
                0x08003f08                HAL_GPIO_WritePin
 *fill*         0x08003f3a        0x2 
 .text.HAL_I2C_Init
                0x08003f3c      0x138 ./Drivers/STM32H7xx_HAL_Driver/Src/stm32h7xx_hal_i2c.o
                0x08003f3c                HAL_I2C_Init
 .text.HAL_I2C_Master_Transmit
                0x08004074      0x230 ./Drivers/STM32H7xx_HAL_Driver/Src/stm32h7xx_hal_i2c.o
                0x08004074                HAL_I2C_Master_Transmit
 .text.I2C_Flush_TXDR
                0x080042a4       0x48 ./Drivers/STM32H7xx_HAL_Driver/Src/stm32h7xx_hal_i2c.o
 .text.I2C_WaitOnFlagUntilTimeout
                0x080042ec       0xb2 ./Drivers/STM32H7xx_HAL_Driver/Src/stm32h7xx_hal_i2c.o
 .text.I2C_WaitOnTXISFlagUntilTimeout
                0x0800439e       0x8e ./Drivers/STM32H7xx_HAL_Driver/Src/stm32h7xx_hal_i2c.o
 .text.I2C_WaitOnSTOPFlagUntilTimeout
                0x0800442c       0x86 ./Drivers/STM32H7xx_HAL_Driver/Src/stm32h7xx_hal_i2c.o
 *fill*         0x080044b2        0x2 
 .text.I2C_IsErrorOccurred
                0x080044b4      0x1c0 ./Drivers/STM32H7xx_HAL_Driver/Src/stm32h7xx_hal_i2c.o
 .text.I2C_TransferConfig
                0x08004674       0x64 ./Drivers/STM32H7xx_HAL_Driver/Src/stm32h7xx_hal_i2c.o
 .text.HAL_I2CEx_ConfigAnalogFilter
                0x080046d8       0x96 ./Drivers/STM32H7xx_HAL_Driver/Src/stm32h7xx_hal_i2c_ex.o
                0x080046d8                HAL_I2CEx_ConfigAnalogFilter
 .text.HAL_I2CEx_ConfigDigitalFilter
                0x0800476e       0x98 ./Drivers/STM32H7xx_HAL_Driver/Src/stm32h7xx_hal_i2c_ex.o
                0x0800476e                HAL_I2CEx_ConfigDigitalFilter
 *fill*         0x08004806        0x2 
 .text.HAL_I2S_Init
                0x08004808      0x244 ./Drivers/STM32H7xx_HAL_Driver/Src/stm32h7xx_hal_i2s.o
                0x08004808                HAL_I2S_Init
 .text.HAL_I2S_Transmit_DMA
                0x08004a4c      0x144 ./Drivers/STM32H7xx_HAL_Driver/Src/stm32h7xx_hal_i2s.o
                0x08004a4c                HAL_I2S_Transmit_DMA
 .text.HAL_I2S_Receive_DMA
                0x08004b90      0x144 ./Drivers/STM32H7xx_HAL_Driver/Src/stm32h7xx_hal_i2s.o
                0x08004b90                HAL_I2S_Receive_DMA
 .text.HAL_I2S_TxHalfCpltCallback
                0x08004cd4       0x14 ./Drivers/STM32H7xx_HAL_Driver/Src/stm32h7xx_hal_i2s.o
                0x08004cd4                HAL_I2S_TxHalfCpltCallback
 .text.HAL_I2S_TxCpltCallback
                0x08004ce8       0x14 ./Drivers/STM32H7xx_HAL_Driver/Src/stm32h7xx_hal_i2s.o
                0x08004ce8                HAL_I2S_TxCpltCallback
 .text.HAL_I2S_ErrorCallback
                0x08004cfc       0x14 ./Drivers/STM32H7xx_HAL_Driver/Src/stm32h7xx_hal_i2s.o
                0x08004cfc                HAL_I2S_ErrorCallback
 .text.I2S_DMATxCplt
                0x08004d10       0x42 ./Drivers/STM32H7xx_HAL_Driver/Src/stm32h7xx_hal_i2s.o
 .text.I2S_DMATxHalfCplt
                0x08004d52       0x1c ./Drivers/STM32H7xx_HAL_Driver/Src/stm32h7xx_hal_i2s.o
 .text.I2S_DMARxCplt
                0x08004d6e       0x42 ./Drivers/STM32H7xx_HAL_Driver/Src/stm32h7xx_hal_i2s.o
 .text.I2S_DMARxHalfCplt
                0x08004db0       0x1c ./Drivers/STM32H7xx_HAL_Driver/Src/stm32h7xx_hal_i2s.o
 .text.I2S_DMAError
                0x08004dcc       0x4c ./Drivers/STM32H7xx_HAL_Driver/Src/stm32h7xx_hal_i2s.o
 .text.HAL_PCD_Init
                0x08004e18      0x218 ./Drivers/STM32H7xx_HAL_Driver/Src/stm32h7xx_hal_pcd.o
                0x08004e18                HAL_PCD_Init
 .text.HAL_PCD_Start
                0x08005030       0x6a ./Drivers/STM32H7xx_HAL_Driver/Src/stm32h7xx_hal_pcd.o
                0x08005030                HAL_PCD_Start
 .text.HAL_PCD_IRQHandler
                0x0800509a      0x99c ./Drivers/STM32H7xx_HAL_Driver/Src/stm32h7xx_hal_pcd.o
                0x0800509a                HAL_PCD_IRQHandler
 .text.HAL_PCD_SetAddress
                0x08005a36       0x48 ./Drivers/STM32H7xx_HAL_Driver/Src/stm32h7xx_hal_pcd.o
                0x08005a36                HAL_PCD_SetAddress
 .text.HAL_PCD_EP_Open
                0x08005a7e       0xd4 ./Drivers/STM32H7xx_HAL_Driver/Src/stm32h7xx_hal_pcd.o
                0x08005a7e                HAL_PCD_EP_Open
 .text.HAL_PCD_EP_Close
                0x08005b52       0x94 ./Drivers/STM32H7xx_HAL_Driver/Src/stm32h7xx_hal_pcd.o
                0x08005b52                HAL_PCD_EP_Close
 .text.HAL_PCD_EP_Receive
                0x08005be6       0x76 ./Drivers/STM32H7xx_HAL_Driver/Src/stm32h7xx_hal_pcd.o
                0x08005be6                HAL_PCD_EP_Receive
 .text.HAL_PCD_EP_GetRxCount
                0x08005c5c       0x30 ./Drivers/STM32H7xx_HAL_Driver/Src/stm32h7xx_hal_pcd.o
                0x08005c5c                HAL_PCD_EP_GetRxCount
 .text.HAL_PCD_EP_Transmit
                0x08005c8c       0x74 ./Drivers/STM32H7xx_HAL_Driver/Src/stm32h7xx_hal_pcd.o
                0x08005c8c                HAL_PCD_EP_Transmit
 .text.HAL_PCD_EP_SetStall
                0x08005d00       0xc6 ./Drivers/STM32H7xx_HAL_Driver/Src/stm32h7xx_hal_pcd.o
                0x08005d00                HAL_PCD_EP_SetStall
 .text.HAL_PCD_EP_ClrStall
                0x08005dc6       0xac ./Drivers/STM32H7xx_HAL_Driver/Src/stm32h7xx_hal_pcd.o
                0x08005dc6                HAL_PCD_EP_ClrStall
 .text.HAL_PCD_EP_Abort
                0x08005e72       0x62 ./Drivers/STM32H7xx_HAL_Driver/Src/stm32h7xx_hal_pcd.o
                0x08005e72                HAL_PCD_EP_Abort
 .text.PCD_WriteEmptyTxFifo
                0x08005ed4      0x118 ./Drivers/STM32H7xx_HAL_Driver/Src/stm32h7xx_hal_pcd.o
 .text.PCD_EP_OutXfrComplete_int
                0x08005fec      0x1d0 ./Drivers/STM32H7xx_HAL_Driver/Src/stm32h7xx_hal_pcd.o
 .text.PCD_EP_OutSetupPacket_int
                0x080061bc       0x8c ./Drivers/STM32H7xx_HAL_Driver/Src/stm32h7xx_hal_pcd.o
 .text.HAL_PCDEx_SetTxFiFo
                0x08006248       0x8e ./Drivers/STM32H7xx_HAL_Driver/Src/stm32h7xx_hal_pcd_ex.o
                0x08006248                HAL_PCDEx_SetTxFiFo
 .text.HAL_PCDEx_SetRxFiFo
                0x080062d6       0x22 ./Drivers/STM32H7xx_HAL_Driver/Src/stm32h7xx_hal_pcd_ex.o
                0x080062d6                HAL_PCDEx_SetRxFiFo
 .text.HAL_PCDEx_ActivateLPM
                0x080062f8       0x48 ./Drivers/STM32H7xx_HAL_Driver/Src/stm32h7xx_hal_pcd_ex.o
                0x080062f8                HAL_PCDEx_ActivateLPM
 .text.HAL_PCDEx_LPM_Callback
                0x08006340       0x18 ./Drivers/STM32H7xx_HAL_Driver/Src/stm32h7xx_hal_pcd_ex.o
                0x08006340                HAL_PCDEx_LPM_Callback
 .text.HAL_PWREx_ConfigSupply
                0x08006358       0x74 ./Drivers/STM32H7xx_HAL_Driver/Src/stm32h7xx_hal_pwr_ex.o
                0x08006358                HAL_PWREx_ConfigSupply
 .text.HAL_PWREx_EnableUSBVoltageDetector
                0x080063cc       0x20 ./Drivers/STM32H7xx_HAL_Driver/Src/stm32h7xx_hal_pwr_ex.o
                0x080063cc                HAL_PWREx_EnableUSBVoltageDetector
 .text.HAL_RCC_OscConfig
                0x080063ec      0x8b4 ./Drivers/STM32H7xx_HAL_Driver/Src/stm32h7xx_hal_rcc.o
                0x080063ec                HAL_RCC_OscConfig
 .text.HAL_RCC_ClockConfig
                0x08006ca0      0x36c ./Drivers/STM32H7xx_HAL_Driver/Src/stm32h7xx_hal_rcc.o
                0x08006ca0                HAL_RCC_ClockConfig
 .text.HAL_RCC_GetSysClockFreq
                0x0800700c      0x2f4 ./Drivers/STM32H7xx_HAL_Driver/Src/stm32h7xx_hal_rcc.o
                0x0800700c                HAL_RCC_GetSysClockFreq
 .text.HAL_RCC_GetHCLKFreq
                0x08007300       0x60 ./Drivers/STM32H7xx_HAL_Driver/Src/stm32h7xx_hal_rcc.o
                0x08007300                HAL_RCC_GetHCLKFreq
 .text.HAL_RCC_GetPCLK1Freq
                0x08007360       0x2c ./Drivers/STM32H7xx_HAL_Driver/Src/stm32h7xx_hal_rcc.o
                0x08007360                HAL_RCC_GetPCLK1Freq
 .text.HAL_RCC_GetPCLK2Freq
                0x0800738c       0x2c ./Drivers/STM32H7xx_HAL_Driver/Src/stm32h7xx_hal_rcc.o
                0x0800738c                HAL_RCC_GetPCLK2Freq
 .text.HAL_RCCEx_PeriphCLKConfig
                0x080073b8     0x1414 ./Drivers/STM32H7xx_HAL_Driver/Src/stm32h7xx_hal_rcc_ex.o
                0x080073b8                HAL_RCCEx_PeriphCLKConfig
 .text.HAL_RCCEx_GetPeriphCLKFreq
                0x080087cc      0xb00 ./Drivers/STM32H7xx_HAL_Driver/Src/stm32h7xx_hal_rcc_ex.o
                0x080087cc                HAL_RCCEx_GetPeriphCLKFreq
 .text.HAL_RCCEx_GetD3PCLK1Freq
                0x080092cc       0x2c ./Drivers/STM32H7xx_HAL_Driver/Src/stm32h7xx_hal_rcc_ex.o
                0x080092cc                HAL_RCCEx_GetD3PCLK1Freq
 .text.HAL_RCCEx_GetPLL2ClockFreq
                0x080092f8      0x2a8 ./Drivers/STM32H7xx_HAL_Driver/Src/stm32h7xx_hal_rcc_ex.o
                0x080092f8                HAL_RCCEx_GetPLL2ClockFreq
 .text.HAL_RCCEx_GetPLL3ClockFreq
                0x080095a0      0x2a8 ./Drivers/STM32H7xx_HAL_Driver/Src/stm32h7xx_hal_rcc_ex.o
                0x080095a0                HAL_RCCEx_GetPLL3ClockFreq
 .text.HAL_RCCEx_GetPLL1ClockFreq
                0x08009848      0x2a4 ./Drivers/STM32H7xx_HAL_Driver/Src/stm32h7xx_hal_rcc_ex.o
                0x08009848                HAL_RCCEx_GetPLL1ClockFreq
 .text.RCCEx_PLL2_Config
                0x08009aec      0x164 ./Drivers/STM32H7xx_HAL_Driver/Src/stm32h7xx_hal_rcc_ex.o
 .text.RCCEx_PLL3_Config
                0x08009c50      0x164 ./Drivers/STM32H7xx_HAL_Driver/Src/stm32h7xx_hal_rcc_ex.o
 .text.HAL_UART_Init
                0x08009db4       0xa0 ./Drivers/STM32H7xx_HAL_Driver/Src/stm32h7xx_hal_uart.o
                0x08009db4                HAL_UART_Init
 .text.UART_SetConfig
                0x08009e54      0xad0 ./Drivers/STM32H7xx_HAL_Driver/Src/stm32h7xx_hal_uart.o
                0x08009e54                UART_SetConfig
 .text.UART_AdvFeatureConfig
                0x0800a924      0x144 ./Drivers/STM32H7xx_HAL_Driver/Src/stm32h7xx_hal_uart.o
                0x0800a924                UART_AdvFeatureConfig
 .text.UART_CheckIdleState
                0x0800aa68      0x154 ./Drivers/STM32H7xx_HAL_Driver/Src/stm32h7xx_hal_uart.o
                0x0800aa68                UART_CheckIdleState
 .text.UART_WaitOnFlagUntilTimeout
                0x0800abbc       0xda ./Drivers/STM32H7xx_HAL_Driver/Src/stm32h7xx_hal_uart.o
                0x0800abbc                UART_WaitOnFlagUntilTimeout
 *fill*         0x0800ac96        0x2 
 .text.UART_EndRxTransfer
                0x0800ac98       0xcc ./Drivers/STM32H7xx_HAL_Driver/Src/stm32h7xx_hal_uart.o
 .text.HAL_UARTEx_DisableFifoMode
                0x0800ad64       0x72 ./Drivers/STM32H7xx_HAL_Driver/Src/stm32h7xx_hal_uart_ex.o
                0x0800ad64                HAL_UARTEx_DisableFifoMode
 .text.HAL_UARTEx_SetTxFifoThreshold
                0x0800add6       0x7c ./Drivers/STM32H7xx_HAL_Driver/Src/stm32h7xx_hal_uart_ex.o
                0x0800add6                HAL_UARTEx_SetTxFifoThreshold
 .text.HAL_UARTEx_SetRxFifoThreshold
                0x0800ae52       0x7c ./Drivers/STM32H7xx_HAL_Driver/Src/stm32h7xx_hal_uart_ex.o
                0x0800ae52                HAL_UARTEx_SetRxFifoThreshold
 *fill*         0x0800aece        0x2 
 .text.UARTEx_SetNbDataToProcess
                0x0800aed0       0x9c ./Drivers/STM32H7xx_HAL_Driver/Src/stm32h7xx_hal_uart_ex.o
 .text.USB_CoreInit
                0x0800af6c       0xe4 ./Drivers/STM32H7xx_HAL_Driver/Src/stm32h7xx_ll_usb.o
                0x0800af6c                USB_CoreInit
 .text.USB_SetTurnaroundTime
                0x0800b050      0x144 ./Drivers/STM32H7xx_HAL_Driver/Src/stm32h7xx_ll_usb.o
                0x0800b050                USB_SetTurnaroundTime
 .text.USB_EnableGlobalInt
                0x0800b194       0x22 ./Drivers/STM32H7xx_HAL_Driver/Src/stm32h7xx_ll_usb.o
                0x0800b194                USB_EnableGlobalInt
 .text.USB_DisableGlobalInt
                0x0800b1b6       0x22 ./Drivers/STM32H7xx_HAL_Driver/Src/stm32h7xx_ll_usb.o
                0x0800b1b6                USB_DisableGlobalInt
 .text.USB_SetCurrentMode
                0x0800b1d8       0x98 ./Drivers/STM32H7xx_HAL_Driver/Src/stm32h7xx_ll_usb.o
                0x0800b1d8                USB_SetCurrentMode
 .text.USB_DevInit
                0x0800b270      0x2bc ./Drivers/STM32H7xx_HAL_Driver/Src/stm32h7xx_ll_usb.o
                0x0800b270                USB_DevInit
 .text.USB_FlushTxFifo
                0x0800b52c       0x64 ./Drivers/STM32H7xx_HAL_Driver/Src/stm32h7xx_ll_usb.o
                0x0800b52c                USB_FlushTxFifo
 .text.USB_FlushRxFifo
                0x0800b590       0x5c ./Drivers/STM32H7xx_HAL_Driver/Src/stm32h7xx_ll_usb.o
                0x0800b590                USB_FlushRxFifo
 .text.USB_SetDevSpeed
                0x0800b5ec       0x32 ./Drivers/STM32H7xx_HAL_Driver/Src/stm32h7xx_ll_usb.o
                0x0800b5ec                USB_SetDevSpeed
 .text.USB_GetDevSpeed
                0x0800b61e       0x4a ./Drivers/STM32H7xx_HAL_Driver/Src/stm32h7xx_ll_usb.o
                0x0800b61e                USB_GetDevSpeed
 .text.USB_ActivateEndpoint
                0x0800b668      0x110 ./Drivers/STM32H7xx_HAL_Driver/Src/stm32h7xx_ll_usb.o
                0x0800b668                USB_ActivateEndpoint
 .text.USB_DeactivateEndpoint
                0x0800b778      0x1b8 ./Drivers/STM32H7xx_HAL_Driver/Src/stm32h7xx_ll_usb.o
                0x0800b778                USB_DeactivateEndpoint
 .text.USB_EPStartXfer
                0x0800b930      0x548 ./Drivers/STM32H7xx_HAL_Driver/Src/stm32h7xx_ll_usb.o
                0x0800b930                USB_EPStartXfer
 .text.USB_EPStopXfer
                0x0800be78      0x154 ./Drivers/STM32H7xx_HAL_Driver/Src/stm32h7xx_ll_usb.o
                0x0800be78                USB_EPStopXfer
 .text.USB_WritePacket
                0x0800bfcc       0x7c ./Drivers/STM32H7xx_HAL_Driver/Src/stm32h7xx_ll_usb.o
                0x0800bfcc                USB_WritePacket
 .text.USB_ReadPacket
                0x0800c048       0xb0 ./Drivers/STM32H7xx_HAL_Driver/Src/stm32h7xx_ll_usb.o
                0x0800c048                USB_ReadPacket
 .text.USB_EPSetStall
                0x0800c0f8       0xdc ./Drivers/STM32H7xx_HAL_Driver/Src/stm32h7xx_ll_usb.o
                0x0800c0f8                USB_EPSetStall
 .text.USB_EPClearStall
                0x0800c1d4       0xcc ./Drivers/STM32H7xx_HAL_Driver/Src/stm32h7xx_ll_usb.o
                0x0800c1d4                USB_EPClearStall
 .text.USB_SetDevAddress
                0x0800c2a0       0x4c ./Drivers/STM32H7xx_HAL_Driver/Src/stm32h7xx_ll_usb.o
                0x0800c2a0                USB_SetDevAddress
 .text.USB_DevConnect
                0x0800c2ec       0x42 ./Drivers/STM32H7xx_HAL_Driver/Src/stm32h7xx_ll_usb.o
                0x0800c2ec                USB_DevConnect
 .text.USB_DevDisconnect
                0x0800c32e       0x42 ./Drivers/STM32H7xx_HAL_Driver/Src/stm32h7xx_ll_usb.o
                0x0800c32e                USB_DevDisconnect
 .text.USB_ReadInterrupts
                0x0800c370       0x26 ./Drivers/STM32H7xx_HAL_Driver/Src/stm32h7xx_ll_usb.o
                0x0800c370                USB_ReadInterrupts
 .text.USB_ReadDevAllOutEpInterrupt
                0x0800c396       0x34 ./Drivers/STM32H7xx_HAL_Driver/Src/stm32h7xx_ll_usb.o
                0x0800c396                USB_ReadDevAllOutEpInterrupt
 .text.USB_ReadDevAllInEpInterrupt
                0x0800c3ca       0x34 ./Drivers/STM32H7xx_HAL_Driver/Src/stm32h7xx_ll_usb.o
                0x0800c3ca                USB_ReadDevAllInEpInterrupt
 .text.USB_ReadDevOutEPInterrupt
                0x0800c3fe       0x3c ./Drivers/STM32H7xx_HAL_Driver/Src/stm32h7xx_ll_usb.o
                0x0800c3fe                USB_ReadDevOutEPInterrupt
 .text.USB_ReadDevInEPInterrupt
                0x0800c43a       0x5c ./Drivers/STM32H7xx_HAL_Driver/Src/stm32h7xx_ll_usb.o
                0x0800c43a                USB_ReadDevInEPInterrupt
 .text.USB_GetMode
                0x0800c496       0x1c ./Drivers/STM32H7xx_HAL_Driver/Src/stm32h7xx_ll_usb.o
                0x0800c496                USB_GetMode
 *fill*         0x0800c4b2        0x2 
 .text.USB_ActivateSetup
                0x0800c4b4       0x48 ./Drivers/STM32H7xx_HAL_Driver/Src/stm32h7xx_ll_usb.o
                0x0800c4b4                USB_ActivateSetup
 .text.USB_EP0_OutStart
                0x0800c4fc       0xbc ./Drivers/STM32H7xx_HAL_Driver/Src/stm32h7xx_ll_usb.o
                0x0800c4fc                USB_EP0_OutStart
 .text.USB_CoreReset
                0x0800c5b8       0x62 ./Drivers/STM32H7xx_HAL_Driver/Src/stm32h7xx_ll_usb.o
 *fill*         0x0800c61a        0x2 
 .text.USBD_CDC_Init
                0x0800c61c      0x1f0 ./Middlewares/ST/STM32_USB_Device_Library/Class/CDC/Src/usbd_cdc.o
 .text.USBD_CDC_DeInit
                0x0800c80c      0x104 ./Middlewares/ST/STM32_USB_Device_Library/Class/CDC/Src/usbd_cdc.o
 .text.USBD_CDC_Setup
                0x0800c910      0x1b8 ./Middlewares/ST/STM32_USB_Device_Library/Class/CDC/Src/usbd_cdc.o
 .text.USBD_CDC_DataIn
                0x0800cac8       0xfe ./Middlewares/ST/STM32_USB_Device_Library/Class/CDC/Src/usbd_cdc.o
 .text.USBD_CDC_DataOut
                0x0800cbc6       0x70 ./Middlewares/ST/STM32_USB_Device_Library/Class/CDC/Src/usbd_cdc.o
 .text.USBD_CDC_EP0_RxReady
                0x0800cc36       0x74 ./Middlewares/ST/STM32_USB_Device_Library/Class/CDC/Src/usbd_cdc.o
 *fill*         0x0800ccaa        0x2 
 .text.USBD_CDC_GetFSCfgDesc
                0x0800ccac       0x70 ./Middlewares/ST/STM32_USB_Device_Library/Class/CDC/Src/usbd_cdc.o
 .text.USBD_CDC_GetHSCfgDesc
                0x0800cd1c       0x70 ./Middlewares/ST/STM32_USB_Device_Library/Class/CDC/Src/usbd_cdc.o
 .text.USBD_CDC_GetOtherSpeedCfgDesc
                0x0800cd8c       0x70 ./Middlewares/ST/STM32_USB_Device_Library/Class/CDC/Src/usbd_cdc.o
 .text.USBD_CDC_GetDeviceQualifierDescriptor
                0x0800cdfc       0x20 ./Middlewares/ST/STM32_USB_Device_Library/Class/CDC/Src/usbd_cdc.o
                0x0800cdfc                USBD_CDC_GetDeviceQualifierDescriptor
 .text.USBD_CDC_RegisterInterface
                0x0800ce1c       0x34 ./Middlewares/ST/STM32_USB_Device_Library/Class/CDC/Src/usbd_cdc.o
                0x0800ce1c                USBD_CDC_RegisterInterface
 .text.USBD_CDC_SetTxBuffer
                0x0800ce50       0x44 ./Middlewares/ST/STM32_USB_Device_Library/Class/CDC/Src/usbd_cdc.o
                0x0800ce50                USBD_CDC_SetTxBuffer
 .text.USBD_CDC_SetRxBuffer
                0x0800ce94       0x3a ./Middlewares/ST/STM32_USB_Device_Library/Class/CDC/Src/usbd_cdc.o
                0x0800ce94                USBD_CDC_SetRxBuffer
 *fill*         0x0800cece        0x2 
 .text.USBD_CDC_TransmitPacket
                0x0800ced0       0x80 ./Middlewares/ST/STM32_USB_Device_Library/Class/CDC/Src/usbd_cdc.o
                0x0800ced0                USBD_CDC_TransmitPacket
 .text.USBD_CDC_ReceivePacket
                0x0800cf50       0x6c ./Middlewares/ST/STM32_USB_Device_Library/Class/CDC/Src/usbd_cdc.o
                0x0800cf50                USBD_CDC_ReceivePacket
 .text.USBD_Init
                0x0800cfbc       0x60 ./Middlewares/ST/STM32_USB_Device_Library/Core/Src/usbd_core.o
                0x0800cfbc                USBD_Init
 .text.USBD_RegisterClass
                0x0800d01c       0x6c ./Middlewares/ST/STM32_USB_Device_Library/Core/Src/usbd_core.o
                0x0800d01c                USBD_RegisterClass
 .text.USBD_Start
                0x0800d088       0x18 ./Middlewares/ST/STM32_USB_Device_Library/Core/Src/usbd_core.o
                0x0800d088                USBD_Start
 .text.USBD_RunTestMode
                0x0800d0a0       0x16 ./Middlewares/ST/STM32_USB_Device_Library/Core/Src/usbd_core.o
                0x0800d0a0                USBD_RunTestMode
 .text.USBD_SetClassConfig
                0x0800d0b6       0x38 ./Middlewares/ST/STM32_USB_Device_Library/Core/Src/usbd_core.o
                0x0800d0b6                USBD_SetClassConfig
 .text.USBD_ClrClassConfig
                0x0800d0ee       0x34 ./Middlewares/ST/STM32_USB_Device_Library/Core/Src/usbd_core.o
                0x0800d0ee                USBD_ClrClassConfig
 .text.USBD_LL_SetupStage
                0x0800d122       0xaa ./Middlewares/ST/STM32_USB_Device_Library/Core/Src/usbd_core.o
                0x0800d122                USBD_LL_SetupStage
 .text.USBD_LL_DataOutStage
                0x0800d1cc      0x166 ./Middlewares/ST/STM32_USB_Device_Library/Core/Src/usbd_core.o
                0x0800d1cc                USBD_LL_DataOutStage
 .text.USBD_LL_DataInStage
                0x0800d332      0x164 ./Middlewares/ST/STM32_USB_Device_Library/Core/Src/usbd_core.o
                0x0800d332                USBD_LL_DataInStage
 .text.USBD_LL_Reset
                0x0800d496       0xa4 ./Middlewares/ST/STM32_USB_Device_Library/Core/Src/usbd_core.o
                0x0800d496                USBD_LL_Reset
 .text.USBD_LL_SetSpeed
                0x0800d53a       0x20 ./Middlewares/ST/STM32_USB_Device_Library/Core/Src/usbd_core.o
                0x0800d53a                USBD_LL_SetSpeed
 .text.USBD_LL_Suspend
                0x0800d55a       0x38 ./Middlewares/ST/STM32_USB_Device_Library/Core/Src/usbd_core.o
                0x0800d55a                USBD_LL_Suspend
 .text.USBD_LL_Resume
                0x0800d592       0x30 ./Middlewares/ST/STM32_USB_Device_Library/Core/Src/usbd_core.o
                0x0800d592                USBD_LL_Resume
 .text.USBD_LL_SOF
                0x0800d5c2       0x40 ./Middlewares/ST/STM32_USB_Device_Library/Core/Src/usbd_core.o
                0x0800d5c2                USBD_LL_SOF
 .text.USBD_LL_IsoINIncomplete
                0x0800d602       0x64 ./Middlewares/ST/STM32_USB_Device_Library/Core/Src/usbd_core.o
                0x0800d602                USBD_LL_IsoINIncomplete
 .text.USBD_LL_IsoOUTIncomplete
                0x0800d666       0x64 ./Middlewares/ST/STM32_USB_Device_Library/Core/Src/usbd_core.o
                0x0800d666                USBD_LL_IsoOUTIncomplete
 .text.USBD_LL_DevConnected
                0x0800d6ca       0x16 ./Middlewares/ST/STM32_USB_Device_Library/Core/Src/usbd_core.o
                0x0800d6ca                USBD_LL_DevConnected
 .text.USBD_LL_DevDisconnected
                0x0800d6e0       0x46 ./Middlewares/ST/STM32_USB_Device_Library/Core/Src/usbd_core.o
                0x0800d6e0                USBD_LL_DevDisconnected
 .text.USBD_CoreFindIF
                0x0800d726       0x1a ./Middlewares/ST/STM32_USB_Device_Library/Core/Src/usbd_core.o
                0x0800d726                USBD_CoreFindIF
 .text.USBD_CoreFindEP
                0x0800d740       0x1a ./Middlewares/ST/STM32_USB_Device_Library/Core/Src/usbd_core.o
                0x0800d740                USBD_CoreFindEP
 .text.USBD_GetEpDesc
                0x0800d75a       0x70 ./Middlewares/ST/STM32_USB_Device_Library/Core/Src/usbd_core.o
                0x0800d75a                USBD_GetEpDesc
 .text.USBD_GetNextDesc
                0x0800d7ca       0x38 ./Middlewares/ST/STM32_USB_Device_Library/Core/Src/usbd_core.o
                0x0800d7ca                USBD_GetNextDesc
 .text.SWAPBYTE
                0x0800d802       0x3e ./Middlewares/ST/STM32_USB_Device_Library/Core/Src/usbd_ctlreq.o
 .text.USBD_StdDevReq
                0x0800d840       0xe4 ./Middlewares/ST/STM32_USB_Device_Library/Core/Src/usbd_ctlreq.o
                0x0800d840                USBD_StdDevReq
 .text.USBD_StdItfReq
                0x0800d924       0xd8 ./Middlewares/ST/STM32_USB_Device_Library/Core/Src/usbd_ctlreq.o
                0x0800d924                USBD_StdItfReq
 .text.USBD_StdEPReq
                0x0800d9fc      0x33a ./Middlewares/ST/STM32_USB_Device_Library/Core/Src/usbd_ctlreq.o
                0x0800d9fc                USBD_StdEPReq
 *fill*         0x0800dd36        0x2 
 .text.USBD_GetDescriptor
                0x0800dd38      0x328 ./Middlewares/ST/STM32_USB_Device_Library/Core/Src/usbd_ctlreq.o
 .text.USBD_SetAddress
                0x0800e060       0x88 ./Middlewares/ST/STM32_USB_Device_Library/Core/Src/usbd_ctlreq.o
 .text.USBD_SetConfig
                0x0800e0e8      0x154 ./Middlewares/ST/STM32_USB_Device_Library/Core/Src/usbd_ctlreq.o
 .text.USBD_GetConfig
                0x0800e23c       0x6c ./Middlewares/ST/STM32_USB_Device_Library/Core/Src/usbd_ctlreq.o
 .text.USBD_GetStatus
                0x0800e2a8       0x68 ./Middlewares/ST/STM32_USB_Device_Library/Core/Src/usbd_ctlreq.o
 .text.USBD_SetFeature
                0x0800e310       0x52 ./Middlewares/ST/STM32_USB_Device_Library/Core/Src/usbd_ctlreq.o
 .text.USBD_ClrFeature
                0x0800e362       0x44 ./Middlewares/ST/STM32_USB_Device_Library/Core/Src/usbd_ctlreq.o
 .text.USBD_ParseSetupRequest
                0x0800e3a6       0x74 ./Middlewares/ST/STM32_USB_Device_Library/Core/Src/usbd_ctlreq.o
                0x0800e3a6                USBD_ParseSetupRequest
 .text.USBD_CtlError
                0x0800e41a       0x22 ./Middlewares/ST/STM32_USB_Device_Library/Core/Src/usbd_ctlreq.o
                0x0800e41a                USBD_CtlError
 .text.USBD_GetString
                0x0800e43c       0xa4 ./Middlewares/ST/STM32_USB_Device_Library/Core/Src/usbd_ctlreq.o
                0x0800e43c                USBD_GetString
 .text.USBD_GetLen
                0x0800e4e0       0x34 ./Middlewares/ST/STM32_USB_Device_Library/Core/Src/usbd_ctlreq.o
 .text.USBD_CtlSendData
                0x0800e514       0x36 ./Middlewares/ST/STM32_USB_Device_Library/Core/Src/usbd_ioreq.o
                0x0800e514                USBD_CtlSendData
 .text.USBD_CtlContinueSendData
                0x0800e54a       0x22 ./Middlewares/ST/STM32_USB_Device_Library/Core/Src/usbd_ioreq.o
                0x0800e54a                USBD_CtlContinueSendData
 .text.USBD_CtlPrepareRx
                0x0800e56c       0x3a ./Middlewares/ST/STM32_USB_Device_Library/Core/Src/usbd_ioreq.o
                0x0800e56c                USBD_CtlPrepareRx
 .text.USBD_CtlContinueRx
                0x0800e5a6       0x22 ./Middlewares/ST/STM32_USB_Device_Library/Core/Src/usbd_ioreq.o
                0x0800e5a6                USBD_CtlContinueRx
 .text.USBD_CtlSendStatus
                0x0800e5c8       0x26 ./Middlewares/ST/STM32_USB_Device_Library/Core/Src/usbd_ioreq.o
                0x0800e5c8                USBD_CtlSendStatus
 .text.USBD_CtlReceiveStatus
                0x0800e5ee       0x26 ./Middlewares/ST/STM32_USB_Device_Library/Core/Src/usbd_ioreq.o
                0x0800e5ee                USBD_CtlReceiveStatus
 .text.MX_USB_DEVICE_Init
                0x0800e614       0x64 ./USB_DEVICE/App/usb_device.o
                0x0800e614                MX_USB_DEVICE_Init
 .text.CDC_Init_FS
                0x0800e678       0x28 ./USB_DEVICE/App/usbd_cdc_if.o
 .text.CDC_DeInit_FS
                0x0800e6a0       0x10 ./USB_DEVICE/App/usbd_cdc_if.o
 .text.CDC_Control_FS
                0x0800e6b0       0xbc ./USB_DEVICE/App/usbd_cdc_if.o
 .text.CDC_Receive_FS
                0x0800e76c       0x28 ./USB_DEVICE/App/usbd_cdc_if.o
 .text.CDC_Transmit_FS
                0x0800e794       0x4c ./USB_DEVICE/App/usbd_cdc_if.o
                0x0800e794                CDC_Transmit_FS
 .text.CDC_TransmitCplt_FS
                0x0800e7e0       0x22 ./USB_DEVICE/App/usbd_cdc_if.o
 *fill*         0x0800e802        0x2 
 .text.USBD_FS_DeviceDescriptor
                0x0800e804       0x24 ./USB_DEVICE/App/usbd_desc.o
                0x0800e804                USBD_FS_DeviceDescriptor
 .text.USBD_FS_LangIDStrDescriptor
                0x0800e828       0x24 ./USB_DEVICE/App/usbd_desc.o
                0x0800e828                USBD_FS_LangIDStrDescriptor
 .text.USBD_FS_ProductStrDescriptor
                0x0800e84c       0x3c ./USB_DEVICE/App/usbd_desc.o
                0x0800e84c                USBD_FS_ProductStrDescriptor
 .text.USBD_FS_ManufacturerStrDescriptor
                0x0800e888       0x28 ./USB_DEVICE/App/usbd_desc.o
                0x0800e888                USBD_FS_ManufacturerStrDescriptor
 .text.USBD_FS_SerialStrDescriptor
                0x0800e8b0       0x24 ./USB_DEVICE/App/usbd_desc.o
                0x0800e8b0                USBD_FS_SerialStrDescriptor
 .text.USBD_FS_ConfigStrDescriptor
                0x0800e8d4       0x3c ./USB_DEVICE/App/usbd_desc.o
                0x0800e8d4                USBD_FS_ConfigStrDescriptor
 .text.USBD_FS_InterfaceStrDescriptor
                0x0800e910       0x3c ./USB_DEVICE/App/usbd_desc.o
                0x0800e910                USBD_FS_InterfaceStrDescriptor
 .text.Get_SerialNum
                0x0800e94c       0x58 ./USB_DEVICE/App/usbd_desc.o
 .text.IntToUnicode
                0x0800e9a4       0x7e ./USB_DEVICE/App/usbd_desc.o
 *fill*         0x0800ea22        0x2 
 .text.HAL_PCD_MspInit
                0x0800ea24       0xe8 ./USB_DEVICE/Target/usbd_conf.o
                0x0800ea24                HAL_PCD_MspInit
 .text.HAL_PCD_SetupStageCallback
                0x0800eb0c       0x24 ./USB_DEVICE/Target/usbd_conf.o
                0x0800eb0c                HAL_PCD_SetupStageCallback
 .text.HAL_PCD_DataOutStageCallback
                0x0800eb30       0x36 ./USB_DEVICE/Target/usbd_conf.o
                0x0800eb30                HAL_PCD_DataOutStageCallback
 .text.HAL_PCD_DataInStageCallback
                0x0800eb66       0x34 ./USB_DEVICE/Target/usbd_conf.o
                0x0800eb66                HAL_PCD_DataInStageCallback
 .text.HAL_PCD_SOFCallback
                0x0800eb9a       0x1c ./USB_DEVICE/Target/usbd_conf.o
                0x0800eb9a                HAL_PCD_SOFCallback
 .text.HAL_PCD_ResetCallback
                0x0800ebb6       0x50 ./USB_DEVICE/Target/usbd_conf.o
                0x0800ebb6                HAL_PCD_ResetCallback
 *fill*         0x0800ec06        0x2 
 .text.HAL_PCD_SuspendCallback
                0x0800ec08       0x4c ./USB_DEVICE/Target/usbd_conf.o
                0x0800ec08                HAL_PCD_SuspendCallback
 .text.HAL_PCD_ResumeCallback
                0x0800ec54       0x1c ./USB_DEVICE/Target/usbd_conf.o
                0x0800ec54                HAL_PCD_ResumeCallback
 .text.HAL_PCD_ISOOUTIncompleteCallback
                0x0800ec70       0x24 ./USB_DEVICE/Target/usbd_conf.o
                0x0800ec70                HAL_PCD_ISOOUTIncompleteCallback
 .text.HAL_PCD_ISOINIncompleteCallback
                0x0800ec94       0x24 ./USB_DEVICE/Target/usbd_conf.o
                0x0800ec94                HAL_PCD_ISOINIncompleteCallback
 .text.HAL_PCD_ConnectCallback
                0x0800ecb8       0x1c ./USB_DEVICE/Target/usbd_conf.o
                0x0800ecb8                HAL_PCD_ConnectCallback
 .text.HAL_PCD_DisconnectCallback
                0x0800ecd4       0x1c ./USB_DEVICE/Target/usbd_conf.o
                0x0800ecd4                HAL_PCD_DisconnectCallback
 .text.USBD_LL_Init
                0x0800ecf0       0xa0 ./USB_DEVICE/Target/usbd_conf.o
                0x0800ecf0                USBD_LL_Init
 .text.USBD_LL_Start
                0x0800ed90       0x36 ./USB_DEVICE/Target/usbd_conf.o
                0x0800ed90                USBD_LL_Start
 .text.USBD_LL_OpenEP
                0x0800edc6       0x4c ./USB_DEVICE/Target/usbd_conf.o
                0x0800edc6                USBD_LL_OpenEP
 .text.USBD_LL_CloseEP
                0x0800ee12       0x3e ./USB_DEVICE/Target/usbd_conf.o
                0x0800ee12                USBD_LL_CloseEP
 .text.USBD_LL_StallEP
                0x0800ee50       0x3e ./USB_DEVICE/Target/usbd_conf.o
                0x0800ee50                USBD_LL_StallEP
 .text.USBD_LL_ClearStallEP
                0x0800ee8e       0x3e ./USB_DEVICE/Target/usbd_conf.o
                0x0800ee8e                USBD_LL_ClearStallEP
 .text.USBD_LL_IsStallEP
                0x0800eecc       0x58 ./USB_DEVICE/Target/usbd_conf.o
                0x0800eecc                USBD_LL_IsStallEP
 .text.USBD_LL_SetUSBAddress
                0x0800ef24       0x3e ./USB_DEVICE/Target/usbd_conf.o
                0x0800ef24                USBD_LL_SetUSBAddress
 .text.USBD_LL_Transmit
                0x0800ef62       0x42 ./USB_DEVICE/Target/usbd_conf.o
                0x0800ef62                USBD_LL_Transmit
 .text.USBD_LL_PrepareReceive
                0x0800efa4       0x42 ./USB_DEVICE/Target/usbd_conf.o
                0x0800efa4                USBD_LL_PrepareReceive
 .text.USBD_LL_GetRxDataSize
                0x0800efe6       0x26 ./USB_DEVICE/Target/usbd_conf.o
                0x0800efe6                USBD_LL_GetRxDataSize
 .text.USBD_static_malloc
                0x0800f00c       0x1c ./USB_DEVICE/Target/usbd_conf.o
                0x0800f00c                USBD_static_malloc
 .text.USBD_static_free
                0x0800f028       0x14 ./USB_DEVICE/Target/usbd_conf.o
                0x0800f028                USBD_static_free
 .text.USBD_Get_USB_Status
                0x0800f03c       0x58 ./USB_DEVICE/Target/usbd_conf.o
                0x0800f03c                USBD_Get_USB_Status
 .text.memset   0x0800f094       0x10 C:/ST/STM32CubeIDE_2.0.0/STM32CubeIDE/plugins/com.st.stm32cube.ide.mcu.externaltools.gnu-tools-for-stm32.13.3.rel1.win32_1.0.100.202509120712/tools/bin/../lib/gcc/arm-none-eabi/13.3.1/../../../../arm-none-eabi/lib/thumb/v7e-m+dp/hard\libc_nano.a(libc_a-memset.o)
                0x0800f094                memset
 .text.__libc_init_array
                0x0800f0a4       0x48 C:/ST/STM32CubeIDE_2.0.0/STM32CubeIDE/plugins/com.st.stm32cube.ide.mcu.externaltools.gnu-tools-for-stm32.13.3.rel1.win32_1.0.100.202509120712/tools/bin/../lib/gcc/arm-none-eabi/13.3.1/../../../../arm-none-eabi/lib/thumb/v7e-m+dp/hard\libc_nano.a(libc_a-init.o)
                0x0800f0a4                __libc_init_array
 *(.glue_7)
 .glue_7        0x0800f0ec        0x0 linker stubs
 *(.glue_7t)
 .glue_7t       0x0800f0ec        0x0 linker stubs
 *(.eh_frame)
 .eh_frame      0x0800f0ec        0x0 C:/ST/STM32CubeIDE_2.0.0/STM32CubeIDE/plugins/com.st.stm32cube.ide.mcu.externaltools.gnu-tools-for-stm32.13.3.rel1.win32_1.0.100.202509120712/tools/bin/../lib/gcc/arm-none-eabi/13.3.1/thumb/v7e-m+dp/hard/crtbegin.o
 *(.init)
 .init          0x0800f0ec        0x4 C:/ST/STM32CubeIDE_2.0.0/STM32CubeIDE/plugins/com.st.stm32cube.ide.mcu.externaltools.gnu-tools-for-stm32.13.3.rel1.win32_1.0.100.202509120712/tools/bin/../lib/gcc/arm-none-eabi/13.3.1/thumb/v7e-m+dp/hard/crti.o
                0x0800f0ec                _init
 .init          0x0800f0f0        0x8 C:/ST/STM32CubeIDE_2.0.0/STM32CubeIDE/plugins/com.st.stm32cube.ide.mcu.externaltools.gnu-tools-for-stm32.13.3.rel1.win32_1.0.100.202509120712/tools/bin/../lib/gcc/arm-none-eabi/13.3.1/thumb/v7e-m+dp/hard/crtn.o
 *(.fini)
 .fini          0x0800f0f8        0x4 C:/ST/STM32CubeIDE_2.0.0/STM32CubeIDE/plugins/com.st.stm32cube.ide.mcu.externaltools.gnu-tools-for-stm32.13.3.rel1.win32_1.0.100.202509120712/tools/bin/../lib/gcc/arm-none-eabi/13.3.1/thumb/v7e-m+dp/hard/crti.o
                0x0800f0f8                _fini
 .fini          0x0800f0fc        0x8 C:/ST/STM32CubeIDE_2.0.0/STM32CubeIDE/plugins/com.st.stm32cube.ide.mcu.externaltools.gnu-tools-for-stm32.13.3.rel1.win32_1.0.100.202509120712/tools/bin/../lib/gcc/arm-none-eabi/13.3.1/thumb/v7e-m+dp/hard/crtn.o
                0x0800f104                        . = ALIGN (0x4)
                0x0800f104                        _etext = .

.vfp11_veneer   0x0800f104        0x0
 .vfp11_veneer  0x0800f104        0x0 linker stubs

.v4_bx          0x0800f104        0x0
 .v4_bx         0x0800f104        0x0 linker stubs

.iplt           0x0800f104        0x0
 .iplt          0x0800f104        0x0 C:/ST/STM32CubeIDE_2.0.0/STM32CubeIDE/plugins/com.st.stm32cube.ide.mcu.externaltools.gnu-tools-for-stm32.13.3.rel1.win32_1.0.100.202509120712/tools/bin/../lib/gcc/arm-none-eabi/13.3.1/thumb/v7e-m+dp/hard/crtbegin.o

.rodata         0x0800f104       0x88
                0x0800f104                        . = ALIGN (0x4)
 *(.rodata)
 .rodata        0x0800f104       0x46 ./USB_DEVICE/App/usbd_desc.o
 *(.rodata*)
 *fill*         0x0800f14a        0x2 
 .rodata.D1CorePrescTable
                0x0800f14c       0x10 ./Core/Src/system_stm32h7xx.o
                0x0800f14c                D1CorePrescTable
 .rodata.flagBitshiftOffset.0
                0x0800f15c        0x8 ./Drivers/STM32H7xx_HAL_Driver/Src/stm32h7xx_hal_dma.o
 .rodata.UARTPrescTable
                0x0800f164       0x18 ./Drivers/STM32H7xx_HAL_Driver/Src/stm32h7xx_hal_uart.o
                0x0800f164                UARTPrescTable
 .rodata.numerator.1
                0x0800f17c        0x8 ./Drivers/STM32H7xx_HAL_Driver/Src/stm32h7xx_hal_uart_ex.o
 .rodata.denominator.0
                0x0800f184        0x8 ./Drivers/STM32H7xx_HAL_Driver/Src/stm32h7xx_hal_uart_ex.o
                0x0800f18c                        . = ALIGN (0x4)

.ARM.extab
 *(.ARM.extab* .gnu.linkonce.armextab.*)

.ARM            0x0800f18c        0x8
                0x0800f18c                        __exidx_start = .
 *(.ARM.exidx*)
 .ARM.exidx     0x0800f18c        0x8 C:/ST/STM32CubeIDE_2.0.0/STM32CubeIDE/plugins/com.st.stm32cube.ide.mcu.externaltools.gnu-tools-for-stm32.13.3.rel1.win32_1.0.100.202509120712/tools/bin/../lib/gcc/arm-none-eabi/13.3.1/thumb/v7e-m+dp/hard\libgcc.a(_udivmoddi4.o)
                0x0800f194                        __exidx_end = .

.preinit_array  0x0800f194        0x0
                0x0800f194                        PROVIDE (__preinit_array_start = .)
 *(.preinit_array*)
                0x0800f194                        PROVIDE (__preinit_array_end = .)

.init_array     0x0800f194        0x4
                0x0800f194                        PROVIDE (__init_array_start = .)
 *(SORT_BY_NAME(.init_array.*))
 *(.init_array*)
 .init_array    0x0800f194        0x4 C:/ST/STM32CubeIDE_2.0.0/STM32CubeIDE/plugins/com.st.stm32cube.ide.mcu.externaltools.gnu-tools-for-stm32.13.3.rel1.win32_1.0.100.202509120712/tools/bin/../lib/gcc/arm-none-eabi/13.3.1/thumb/v7e-m+dp/hard/crtbegin.o
                0x0800f198                        PROVIDE (__init_array_end = .)

.fini_array     0x0800f198        0x4
                [!provide]                        PROVIDE (__fini_array_start = .)
 *(SORT_BY_NAME(.fini_array.*))
 *(.fini_array*)
 .fini_array    0x0800f198        0x4 C:/ST/STM32CubeIDE_2.0.0/STM32CubeIDE/plugins/com.st.stm32cube.ide.mcu.externaltools.gnu-tools-for-stm32.13.3.rel1.win32_1.0.100.202509120712/tools/bin/../lib/gcc/arm-none-eabi/13.3.1/thumb/v7e-m+dp/hard/crtbegin.o
                [!provide]                        PROVIDE (__fini_array_end = .)
                0x0800f19c                        _sidata = LOADADDR (.data)

.rel.dyn        0x0800f19c        0x0
 .rel.iplt      0x0800f19c        0x0 C:/ST/STM32CubeIDE_2.0.0/STM32CubeIDE/plugins/com.st.stm32cube.ide.mcu.externaltools.gnu-tools-for-stm32.13.3.rel1.win32_1.0.100.202509120712/tools/bin/../lib/gcc/arm-none-eabi/13.3.1/thumb/v7e-m+dp/hard/crtbegin.o

.data           0x24000000      0x148 load address 0x0800f19c
                0x24000000                        . = ALIGN (0x4)
                0x24000000                        _sdata = .
 *(.data)
 *(.data*)
 .data.current_page
                0x24000000        0x1 ./Core/Src/main.o
 *fill*         0x24000001        0x3 
 .data.TxBuffer
                0x24000004       0x3d ./Core/Src/main.o
                0x24000004                TxBuffer
 .data.TxBufferLen
                0x24000041        0x1 ./Core/Src/main.o
                0x24000041                TxBufferLen
 *fill*         0x24000042        0x2 
 .data.SystemCoreClock
                0x24000044        0x4 ./Core/Src/system_stm32h7xx.o
                0x24000044                SystemCoreClock
 .data.SystemD2Clock
                0x24000048        0x4 ./Core/Src/system_stm32h7xx.o
                0x24000048                SystemD2Clock
 .data.uwTickPrio
                0x2400004c        0x4 ./Drivers/STM32H7xx_HAL_Driver/Src/stm32h7xx_hal.o
                0x2400004c                uwTickPrio
 .data.uwTickFreq
                0x24000050        0x1 ./Drivers/STM32H7xx_HAL_Driver/Src/stm32h7xx_hal.o
                0x24000050                uwTickFreq
 *fill*         0x24000051        0x3 
 .data.USBD_CDC_DeviceQualifierDesc
                0x24000054        0xa ./Middlewares/ST/STM32_USB_Device_Library/Class/CDC/Src/usbd_cdc.o
 *fill*         0x2400005e        0x2 
 .data.USBD_CDC
                0x24000060       0x38 ./Middlewares/ST/STM32_USB_Device_Library/Class/CDC/Src/usbd_cdc.o
                0x24000060                USBD_CDC
 .data.USBD_CDC_CfgDesc
                0x24000098       0x43 ./Middlewares/ST/STM32_USB_Device_Library/Class/CDC/Src/usbd_cdc.o
 .data.CDCInEpAdd
                0x240000db        0x1 ./Middlewares/ST/STM32_USB_Device_Library/Class/CDC/Src/usbd_cdc.o
 .data.CDCOutEpAdd
                0x240000dc        0x1 ./Middlewares/ST/STM32_USB_Device_Library/Class/CDC/Src/usbd_cdc.o
 .data.CDCCmdEpAdd
                0x240000dd        0x1 ./Middlewares/ST/STM32_USB_Device_Library/Class/CDC/Src/usbd_cdc.o
 *fill*         0x240000de        0x2 
 .data.USBD_Interface_fops_FS
                0x240000e0       0x14 ./USB_DEVICE/App/usbd_cdc_if.o
                0x240000e0                USBD_Interface_fops_FS
 .data.FS_Desc  0x240000f4       0x20 ./USB_DEVICE/App/usbd_desc.o
                0x240000f4                FS_Desc
 .data.USBD_FS_DeviceDesc
                0x24000114       0x12 ./USB_DEVICE/App/usbd_desc.o
                0x24000114                USBD_FS_DeviceDesc
 *fill*         0x24000126        0x2 
 .data.USBD_LangIDDesc
                0x24000128        0x4 ./USB_DEVICE/App/usbd_desc.o
                0x24000128                USBD_LangIDDesc
 .data.USBD_StringSerial
                0x2400012c       0x1a ./USB_DEVICE/App/usbd_desc.o
                0x2400012c                USBD_StringSerial
 *(.RamFunc)
 *(.RamFunc*)
                0x24000148                        . = ALIGN (0x4)
 *fill*         0x24000146        0x2 
                0x24000148                        _edata = .

.igot.plt       0x24000148        0x0 load address 0x0800f2e4
 .igot.plt      0x24000148        0x0 C:/ST/STM32CubeIDE_2.0.0/STM32CubeIDE/plugins/com.st.stm32cube.ide.mcu.externaltools.gnu-tools-for-stm32.13.3.rel1.win32_1.0.100.202509120712/tools/bin/../lib/gcc/arm-none-eabi/13.3.1/thumb/v7e-m+dp/hard/crtbegin.o
                0x24000148                        . = ALIGN (0x4)

.bss            0x24000148     0x5e88 load address 0x0800f2e4
                0x24000148                        _sbss = .
                0x24000148                        __bss_start__ = _sbss
 *(.bss)
 .bss           0x24000148       0x1c C:/ST/STM32CubeIDE_2.0.0/STM32CubeIDE/plugins/com.st.stm32cube.ide.mcu.externaltools.gnu-tools-for-stm32.13.3.rel1.win32_1.0.100.202509120712/tools/bin/../lib/gcc/arm-none-eabi/13.3.1/thumb/v7e-m+dp/hard/crtbegin.o
 *(.bss*)
 .bss.hi2c1     0x24000164       0x54 ./Core/Src/i2c.o
                0x24000164                hi2c1
 .bss.hi2s1     0x240001b8       0x54 ./Core/Src/i2s.o
                0x240001b8                hi2s1
 .bss.hi2s2     0x2400020c       0x54 ./Core/Src/i2s.o
                0x2400020c                hi2s2
 .bss.hdma_spi1_rx
                0x24000260       0x78 ./Core/Src/i2s.o
                0x24000260                hdma_spi1_rx
 .bss.hdma_spi2_tx
                0x240002d8       0x78 ./Core/Src/i2s.o
                0x240002d8                hdma_spi2_tx
 .bss.rxBuffer  0x24000350     0x2000 ./Core/Src/main.o
                0x24000350                rxBuffer
 .bss.txBuffer  0x24002350     0x2000 ./Core/Src/main.o
                0x24002350                txBuffer
 .bss.processHalf1
                0x24004350        0x1 ./Core/Src/main.o
                0x24004350                processHalf1
 .bss.processHalf2
                0x24004351        0x1 ./Core/Src/main.o
                0x24004351                processHalf2
 *fill*         0x24004352        0x2 
 .bss.huart1    0x24004354       0x94 ./Core/Src/usart.o
                0x24004354                huart1
 .bss.uwTick    0x240043e8        0x4 ./Drivers/STM32H7xx_HAL_Driver/Src/stm32h7xx_hal.o
                0x240043e8                uwTick
 .bss.cfgidx.0  0x240043ec        0x1 ./Middlewares/ST/STM32_USB_Device_Library/Core/Src/usbd_ctlreq.o
 *fill*         0x240043ed        0x3 
 .bss.hUsbDeviceFS
                0x240043f0      0x2dc ./USB_DEVICE/App/usb_device.o
                0x240043f0                hUsbDeviceFS
 .bss.UserRxBufferFS
                0x240046cc      0x800 ./USB_DEVICE/App/usbd_cdc_if.o
                0x240046cc                UserRxBufferFS
 .bss.UserTxBufferFS
                0x24004ecc      0x800 ./USB_DEVICE/App/usbd_cdc_if.o
                0x24004ecc                UserTxBufferFS
 .bss.USBD_StrDesc
                0x240056cc      0x200 ./USB_DEVICE/App/usbd_desc.o
                0x240056cc                USBD_StrDesc
 .bss.hpcd_USB_OTG_FS
                0x240058cc      0x4e4 ./USB_DEVICE/Target/usbd_conf.o
                0x240058cc                hpcd_USB_OTG_FS
 .bss.mem.0     0x24005db0      0x220 ./USB_DEVICE/Target/usbd_conf.o
 *(COMMON)
                0x24005fd0                        . = ALIGN (0x4)
                0x24005fd0                        _ebss = .
                0x24005fd0                        __bss_end__ = _ebss

._user_heap_stack
                0x24005fd0      0x600 load address 0x0800f2e4
                0x24005fd0                        . = ALIGN (0x8)
                [!provide]                        PROVIDE (end = .)
                0x24005fd0                        PROVIDE (_end = .)
                0x240061d0                        . = (. + _Min_Heap_Size)
 *fill*         0x24005fd0      0x200 
                0x240065d0                        . = (. + _Min_Stack_Size)
 *fill*         0x240061d0      0x400 
                0x240065d0                        . = ALIGN (0x8)

/DISCARD/
 libc.a(*)
 libm.a(*)
 libgcc.a(*)

.ARM.attributes
                0x00000000       0x2e
 *(.ARM.attributes)
 .ARM.attributes
                0x00000000       0x20 C:/ST/STM32CubeIDE_2.0.0/STM32CubeIDE/plugins/com.st.stm32cube.ide.mcu.externaltools.gnu-tools-for-stm32.13.3.rel1.win32_1.0.100.202509120712/tools/bin/../lib/gcc/arm-none-eabi/13.3.1/thumb/v7e-m+dp/hard/crti.o
 .ARM.attributes
                0x00000020       0x32 C:/ST/STM32CubeIDE_2.0.0/STM32CubeIDE/plugins/com.st.stm32cube.ide.mcu.externaltools.gnu-tools-for-stm32.13.3.rel1.win32_1.0.100.202509120712/tools/bin/../lib/gcc/arm-none-eabi/13.3.1/thumb/v7e-m+dp/hard/crtbegin.o
 .ARM.attributes
                0x00000052       0x32 ./Core/Src/dma.o
 .ARM.attributes
                0x00000084       0x32 ./Core/Src/gpio.o
 .ARM.attributes
                0x000000b6       0x32 ./Core/Src/i2c.o
 .ARM.attributes
                0x000000e8       0x32 ./Core/Src/i2s.o
 .ARM.attributes
                0x0000011a       0x32 ./Core/Src/main.o
 .ARM.attributes
                0x0000014c       0x32 ./Core/Src/stm32h7xx_hal_msp.o
 .ARM.attributes
                0x0000017e       0x32 ./Core/Src/stm32h7xx_it.o
 .ARM.attributes
                0x000001b0       0x32 ./Core/Src/system_stm32h7xx.o
 .ARM.attributes
                0x000001e2       0x32 ./Core/Src/usart.o
 .ARM.attributes
                0x00000214       0x21 ./Core/Startup/startup_stm32h743vitx.o
 .ARM.attributes
                0x00000235       0x32 ./Drivers/STM32H7xx_HAL_Driver/Src/stm32h7xx_hal.o
 .ARM.attributes
                0x00000267       0x32 ./Drivers/STM32H7xx_HAL_Driver/Src/stm32h7xx_hal_cortex.o
 .ARM.attributes
                0x00000299       0x32 ./Drivers/STM32H7xx_HAL_Driver/Src/stm32h7xx_hal_dma.o
 .ARM.attributes
                0x000002cb       0x32 ./Drivers/STM32H7xx_HAL_Driver/Src/stm32h7xx_hal_gpio.o
 .ARM.attributes
                0x000002fd       0x32 ./Drivers/STM32H7xx_HAL_Driver/Src/stm32h7xx_hal_i2c.o
 .ARM.attributes
                0x0000032f       0x32 ./Drivers/STM32H7xx_HAL_Driver/Src/stm32h7xx_hal_i2c_ex.o
 .ARM.attributes
                0x00000361       0x32 ./Drivers/STM32H7xx_HAL_Driver/Src/stm32h7xx_hal_i2s.o
 .ARM.attributes
                0x00000393       0x32 ./Drivers/STM32H7xx_HAL_Driver/Src/stm32h7xx_hal_pcd.o
 .ARM.attributes
                0x000003c5       0x32 ./Drivers/STM32H7xx_HAL_Driver/Src/stm32h7xx_hal_pcd_ex.o
 .ARM.attributes
                0x000003f7       0x32 ./Drivers/STM32H7xx_HAL_Driver/Src/stm32h7xx_hal_pwr_ex.o
 .ARM.attributes
                0x00000429       0x32 ./Drivers/STM32H7xx_HAL_Driver/Src/stm32h7xx_hal_rcc.o
 .ARM.attributes
                0x0000045b       0x32 ./Drivers/STM32H7xx_HAL_Driver/Src/stm32h7xx_hal_rcc_ex.o
 .ARM.attributes
                0x0000048d       0x32 ./Drivers/STM32H7xx_HAL_Driver/Src/stm32h7xx_hal_uart.o
 .ARM.attributes
                0x000004bf       0x32 ./Drivers/STM32H7xx_HAL_Driver/Src/stm32h7xx_hal_uart_ex.o
 .ARM.attributes
                0x000004f1       0x32 ./Drivers/STM32H7xx_HAL_Driver/Src/stm32h7xx_ll_usb.o
 .ARM.attributes
                0x00000523       0x32 ./Middlewares/ST/STM32_USB_Device_Library/Class/CDC/Src/usbd_cdc.o
 .ARM.attributes
                0x00000555       0x32 ./Middlewares/ST/STM32_USB_Device_Library/Core/Src/usbd_core.o
 .ARM.attributes
                0x00000587       0x32 ./Middlewares/ST/STM32_USB_Device_Library/Core/Src/usbd_ctlreq.o
 .ARM.attributes
                0x000005b9       0x32 ./Middlewares/ST/STM32_USB_Device_Library/Core/Src/usbd_ioreq.o
 .ARM.attributes
                0x000005eb       0x32 ./USB_DEVICE/App/usb_device.o
 .ARM.attributes
                0x0000061d       0x32 ./USB_DEVICE/App/usbd_cdc_if.o
 .ARM.attributes
                0x0000064f       0x32 ./USB_DEVICE/App/usbd_desc.o
 .ARM.attributes
                0x00000681       0x32 ./USB_DEVICE/Target/usbd_conf.o
 .ARM.attributes
                0x000006b3       0x32 C:/ST/STM32CubeIDE_2.0.0/STM32CubeIDE/plugins/com.st.stm32cube.ide.mcu.externaltools.gnu-tools-for-stm32.13.3.rel1.win32_1.0.100.202509120712/tools/bin/../lib/gcc/arm-none-eabi/13.3.1/../../../../arm-none-eabi/lib/thumb/v7e-m+dp/hard\libc_nano.a(libc_a-memset.o)
 .ARM.attributes
                0x000006e5       0x32 C:/ST/STM32CubeIDE_2.0.0/STM32CubeIDE/plugins/com.st.stm32cube.ide.mcu.externaltools.gnu-tools-for-stm32.13.3.rel1.win32_1.0.100.202509120712/tools/bin/../lib/gcc/arm-none-eabi/13.3.1/../../../../arm-none-eabi/lib/thumb/v7e-m+dp/hard\libc_nano.a(libc_a-init.o)
 .ARM.attributes
                0x00000717       0x20 C:/ST/STM32CubeIDE_2.0.0/STM32CubeIDE/plugins/com.st.stm32cube.ide.mcu.externaltools.gnu-tools-for-stm32.13.3.rel1.win32_1.0.100.202509120712/tools/bin/../lib/gcc/arm-none-eabi/13.3.1/thumb/v7e-m+dp/hard\libgcc.a(_aeabi_uldivmod.o)
 .ARM.attributes
                0x00000737       0x32 C:/ST/STM32CubeIDE_2.0.0/STM32CubeIDE/plugins/com.st.stm32cube.ide.mcu.externaltools.gnu-tools-for-stm32.13.3.rel1.win32_1.0.100.202509120712/tools/bin/../lib/gcc/arm-none-eabi/13.3.1/thumb/v7e-m+dp/hard\libgcc.a(_udivmoddi4.o)
 .ARM.attributes
                0x00000769       0x20 C:/ST/STM32CubeIDE_2.0.0/STM32CubeIDE/plugins/com.st.stm32cube.ide.mcu.externaltools.gnu-tools-for-stm32.13.3.rel1.win32_1.0.100.202509120712/tools/bin/../lib/gcc/arm-none-eabi/13.3.1/thumb/v7e-m+dp/hard\libgcc.a(_dvmd_tls.o)
 .ARM.attributes
                0x00000789       0x20 C:/ST/STM32CubeIDE_2.0.0/STM32CubeIDE/plugins/com.st.stm32cube.ide.mcu.externaltools.gnu-tools-for-stm32.13.3.rel1.win32_1.0.100.202509120712/tools/bin/../lib/gcc/arm-none-eabi/13.3.1/thumb/v7e-m+dp/hard/crtn.o
OUTPUT(h7vit6audioTest.elf elf32-littlearm)
LOAD linker stubs
LOAD C:/ST/STM32CubeIDE_2.0.0/STM32CubeIDE/plugins/com.st.stm32cube.ide.mcu.externaltools.gnu-tools-for-stm32.13.3.rel1.win32_1.0.100.202509120712/tools/bin/../lib/gcc/arm-none-eabi/13.3.1/../../../../arm-none-eabi/lib/thumb/v7e-m+dp/hard\libc.a
LOAD C:/ST/STM32CubeIDE_2.0.0/STM32CubeIDE/plugins/com.st.stm32cube.ide.mcu.externaltools.gnu-tools-for-stm32.13.3.rel1.win32_1.0.100.202509120712/tools/bin/../lib/gcc/arm-none-eabi/13.3.1/../../../../arm-none-eabi/lib/thumb/v7e-m+dp/hard\libm.a
LOAD C:/ST/STM32CubeIDE_2.0.0/STM32CubeIDE/plugins/com.st.stm32cube.ide.mcu.externaltools.gnu-tools-for-stm32.13.3.rel1.win32_1.0.100.202509120712/tools/bin/../lib/gcc/arm-none-eabi/13.3.1/thumb/v7e-m+dp/hard\libgcc.a

.debug_info     0x00000000    0x226ec
 .debug_info    0x00000000      0x823 ./Core/Src/dma.o
 .debug_info    0x00000823      0x650 ./Core/Src/gpio.o
 .debug_info    0x00000e73      0xff7 ./Core/Src/i2c.o
 .debug_info    0x00001e6a     0x1117 ./Core/Src/i2s.o
 .debug_info    0x00002f81     0x18b2 ./Core/Src/main.o
 .debug_info    0x00004833      0x464 ./Core/Src/stm32h7xx_hal_msp.o
 .debug_info    0x00004c97      0x9d1 ./Core/Src/stm32h7xx_it.o
 .debug_info    0x00005668      0xdb2 ./Core/Src/system_stm32h7xx.o
 .debug_info    0x0000641a     0x10b5 ./Core/Src/usart.o
 .debug_info    0x000074cf       0x30 ./Core/Startup/startup_stm32h743vitx.o
 .debug_info    0x000074ff     0x153b ./Drivers/STM32H7xx_HAL_Driver/Src/stm32h7xx_hal.o
 .debug_info    0x00008a3a     0x10b1 ./Drivers/STM32H7xx_HAL_Driver/Src/stm32h7xx_hal_cortex.o
 .debug_info    0x00009aeb      0xc31 ./Drivers/STM32H7xx_HAL_Driver/Src/stm32h7xx_hal_dma.o
 .debug_info    0x0000a71c      0xc5a ./Drivers/STM32H7xx_HAL_Driver/Src/stm32h7xx_hal_gpio.o
 .debug_info    0x0000b376     0x22c9 ./Drivers/STM32H7xx_HAL_Driver/Src/stm32h7xx_hal_i2c.o
 .debug_info    0x0000d63f      0xd84 ./Drivers/STM32H7xx_HAL_Driver/Src/stm32h7xx_hal_i2c_ex.o
 .debug_info    0x0000e3c3     0x1163 ./Drivers/STM32H7xx_HAL_Driver/Src/stm32h7xx_hal_i2s.o
 .debug_info    0x0000f526     0x1561 ./Drivers/STM32H7xx_HAL_Driver/Src/stm32h7xx_hal_pcd.o
 .debug_info    0x00010a87      0x8b3 ./Drivers/STM32H7xx_HAL_Driver/Src/stm32h7xx_hal_pcd_ex.o
 .debug_info    0x0001133a     0x1012 ./Drivers/STM32H7xx_HAL_Driver/Src/stm32h7xx_hal_pwr_ex.o
 .debug_info    0x0001234c      0xe6a ./Drivers/STM32H7xx_HAL_Driver/Src/stm32h7xx_hal_rcc.o
 .debug_info    0x000131b6     0x1225 ./Drivers/STM32H7xx_HAL_Driver/Src/stm32h7xx_hal_rcc_ex.o
 .debug_info    0x000143db     0x4b1d ./Drivers/STM32H7xx_HAL_Driver/Src/stm32h7xx_hal_uart.o
 .debug_info    0x00018ef8      0xfbf ./Drivers/STM32H7xx_HAL_Driver/Src/stm32h7xx_hal_uart_ex.o
 .debug_info    0x00019eb7     0x1a1e ./Drivers/STM32H7xx_HAL_Driver/Src/stm32h7xx_ll_usb.o
 .debug_info    0x0001b8d5     0x133d ./Middlewares/ST/STM32_USB_Device_Library/Class/CDC/Src/usbd_cdc.o
 .debug_info    0x0001cc12      0xe20 ./Middlewares/ST/STM32_USB_Device_Library/Core/Src/usbd_core.o
 .debug_info    0x0001da32      0xaf9 ./Middlewares/ST/STM32_USB_Device_Library/Core/Src/usbd_ctlreq.o
 .debug_info    0x0001e52b      0x770 ./Middlewares/ST/STM32_USB_Device_Library/Core/Src/usbd_ioreq.o
 .debug_info    0x0001ec9b      0x725 ./USB_DEVICE/App/usb_device.o
 .debug_info    0x0001f3c0      0x915 ./USB_DEVICE/App/usbd_cdc_if.o
 .debug_info    0x0001fcd5      0x48f ./USB_DEVICE/App/usbd_desc.o
 .debug_info    0x00020164     0x2588 ./USB_DEVICE/Target/usbd_conf.o

.debug_abbrev   0x00000000     0x4a72
 .debug_abbrev  0x00000000      0x11e ./Core/Src/dma.o
 .debug_abbrev  0x0000011e      0x189 ./Core/Src/gpio.o
 .debug_abbrev  0x000002a7      0x24c ./Core/Src/i2c.o
 .debug_abbrev  0x000004f3      0x243 ./Core/Src/i2s.o
 .debug_abbrev  0x00000736      0x36b ./Core/Src/main.o
 .debug_abbrev  0x00000aa1       0xdb ./Core/Src/stm32h7xx_hal_msp.o
 .debug_abbrev  0x00000b7c      0x1d2 ./Core/Src/stm32h7xx_it.o
 .debug_abbrev  0x00000d4e      0x165 ./Core/Src/system_stm32h7xx.o
 .debug_abbrev  0x00000eb3      0x241 ./Core/Src/usart.o
 .debug_abbrev  0x000010f4       0x24 ./Core/Startup/startup_stm32h743vitx.o
 .debug_abbrev  0x00001118      0x295 ./Drivers/STM32H7xx_HAL_Driver/Src/stm32h7xx_hal.o
 .debug_abbrev  0x000013ad      0x339 ./Drivers/STM32H7xx_HAL_Driver/Src/stm32h7xx_hal_cortex.o
 .debug_abbrev  0x000016e6      0x248 ./Drivers/STM32H7xx_HAL_Driver/Src/stm32h7xx_hal_dma.o
 .debug_abbrev  0x0000192e      0x205 ./Drivers/STM32H7xx_HAL_Driver/Src/stm32h7xx_hal_gpio.o
 .debug_abbrev  0x00001b33      0x25d ./Drivers/STM32H7xx_HAL_Driver/Src/stm32h7xx_hal_i2c.o
 .debug_abbrev  0x00001d90      0x1f5 ./Drivers/STM32H7xx_HAL_Driver/Src/stm32h7xx_hal_i2c_ex.o
 .debug_abbrev  0x00001f85      0x243 ./Drivers/STM32H7xx_HAL_Driver/Src/stm32h7xx_hal_i2s.o
 .debug_abbrev  0x000021c8      0x2dc ./Drivers/STM32H7xx_HAL_Driver/Src/stm32h7xx_hal_pcd.o
 .debug_abbrev  0x000024a4      0x256 ./Drivers/STM32H7xx_HAL_Driver/Src/stm32h7xx_hal_pcd_ex.o
 .debug_abbrev  0x000026fa      0x2a7 ./Drivers/STM32H7xx_HAL_Driver/Src/stm32h7xx_hal_pwr_ex.o
 .debug_abbrev  0x000029a1      0x2c8 ./Drivers/STM32H7xx_HAL_Driver/Src/stm32h7xx_hal_rcc.o
 .debug_abbrev  0x00002c69      0x269 ./Drivers/STM32H7xx_HAL_Driver/Src/stm32h7xx_hal_rcc_ex.o
 .debug_abbrev  0x00002ed2      0x33d ./Drivers/STM32H7xx_HAL_Driver/Src/stm32h7xx_hal_uart.o
 .debug_abbrev  0x0000320f      0x2d2 ./Drivers/STM32H7xx_HAL_Driver/Src/stm32h7xx_hal_uart_ex.o
 .debug_abbrev  0x000034e1      0x2b3 ./Drivers/STM32H7xx_HAL_Driver/Src/stm32h7xx_ll_usb.o
 .debug_abbrev  0x00003794      0x2d2 ./Middlewares/ST/STM32_USB_Device_Library/Class/CDC/Src/usbd_cdc.o
 .debug_abbrev  0x00003a66      0x27c ./Middlewares/ST/STM32_USB_Device_Library/Core/Src/usbd_core.o
 .debug_abbrev  0x00003ce2      0x26f ./Middlewares/ST/STM32_USB_Device_Library/Core/Src/usbd_ctlreq.o
 .debug_abbrev  0x00003f51      0x19a ./Middlewares/ST/STM32_USB_Device_Library/Core/Src/usbd_ioreq.o
 .debug_abbrev  0x000040eb      0x1a8 ./USB_DEVICE/App/usb_device.o
 .debug_abbrev  0x00004293      0x29d ./USB_DEVICE/App/usbd_cdc_if.o
 .debug_abbrev  0x00004530      0x1f3 ./USB_DEVICE/App/usbd_desc.o
 .debug_abbrev  0x00004723      0x34f ./USB_DEVICE/Target/usbd_conf.o

.debug_aranges  0x00000000     0x1778
 .debug_aranges
                0x00000000       0x20 ./Core/Src/dma.o
 .debug_aranges
                0x00000020       0x20 ./Core/Src/gpio.o
 .debug_aranges
                0x00000040       0x30 ./Core/Src/i2c.o
 .debug_aranges
                0x00000070       0x38 ./Core/Src/i2s.o
 .debug_aranges
                0x000000a8       0x80 ./Core/Src/main.o
 .debug_aranges
                0x00000128       0x20 ./Core/Src/stm32h7xx_hal_msp.o
 .debug_aranges
                0x00000148       0x78 ./Core/Src/stm32h7xx_it.o
 .debug_aranges
                0x000001c0       0x30 ./Core/Src/system_stm32h7xx.o
 .debug_aranges
                0x000001f0       0x30 ./Core/Src/usart.o
 .debug_aranges
                0x00000220       0x28 ./Core/Startup/startup_stm32h743vitx.o
 .debug_aranges
                0x00000248      0x198 ./Drivers/STM32H7xx_HAL_Driver/Src/stm32h7xx_hal.o
 .debug_aranges
                0x000003e0      0x130 ./Drivers/STM32H7xx_HAL_Driver/Src/stm32h7xx_hal_cortex.o
 .debug_aranges
                0x00000510       0xa0 ./Drivers/STM32H7xx_HAL_Driver/Src/stm32h7xx_hal_dma.o
 .debug_aranges
                0x000005b0       0x58 ./Drivers/STM32H7xx_HAL_Driver/Src/stm32h7xx_hal_gpio.o
 .debug_aranges
                0x00000608      0x2a0 ./Drivers/STM32H7xx_HAL_Driver/Src/stm32h7xx_hal_i2c.o
 .debug_aranges
                0x000008a8       0x48 ./Drivers/STM32H7xx_HAL_Driver/Src/stm32h7xx_hal_i2c_ex.o
 .debug_aranges
                0x000008f0      0x160 ./Drivers/STM32H7xx_HAL_Driver/Src/stm32h7xx_hal_i2s.o
 .debug_aranges
                0x00000a50      0x140 ./Drivers/STM32H7xx_HAL_Driver/Src/stm32h7xx_hal_pcd.o
 .debug_aranges
                0x00000b90       0x60 ./Drivers/STM32H7xx_HAL_Driver/Src/stm32h7xx_hal_pcd_ex.o
 .debug_aranges
                0x00000bf0      0x158 ./Drivers/STM32H7xx_HAL_Driver/Src/stm32h7xx_hal_pwr_ex.o
 .debug_aranges
                0x00000d48       0x88 ./Drivers/STM32H7xx_HAL_Driver/Src/stm32h7xx_hal_rcc.o
 .debug_aranges
                0x00000dd0       0xf8 ./Drivers/STM32H7xx_HAL_Driver/Src/stm32h7xx_hal_rcc_ex.o
 .debug_aranges
                0x00000ec8      0x248 ./Drivers/STM32H7xx_HAL_Driver/Src/stm32h7xx_hal_uart.o
 .debug_aranges
                0x00001110       0xa8 ./Drivers/STM32H7xx_HAL_Driver/Src/stm32h7xx_hal_uart_ex.o
 .debug_aranges
                0x000011b8      0x1a0 ./Drivers/STM32H7xx_HAL_Driver/Src/stm32h7xx_ll_usb.o
 .debug_aranges
                0x00001358       0x90 ./Middlewares/ST/STM32_USB_Device_Library/Class/CDC/Src/usbd_cdc.o
 .debug_aranges
                0x000013e8       0xd8 ./Middlewares/ST/STM32_USB_Device_Library/Core/Src/usbd_core.o
 .debug_aranges
                0x000014c0       0x90 ./Middlewares/ST/STM32_USB_Device_Library/Core/Src/usbd_ctlreq.o
 .debug_aranges
                0x00001550       0x50 ./Middlewares/ST/STM32_USB_Device_Library/Core/Src/usbd_ioreq.o
 .debug_aranges
                0x000015a0       0x20 ./USB_DEVICE/App/usb_device.o
 .debug_aranges
                0x000015c0       0x48 ./USB_DEVICE/App/usbd_cdc_if.o
 .debug_aranges
                0x00001608       0x60 ./USB_DEVICE/App/usbd_desc.o
 .debug_aranges
                0x00001668      0x110 ./USB_DEVICE/Target/usbd_conf.o

.debug_rnglists
                0x00000000     0x11fb
 .debug_rnglists
                0x00000000       0x13 ./Core/Src/dma.o
 .debug_rnglists
                0x00000013       0x14 ./Core/Src/gpio.o
 .debug_rnglists
                0x00000027       0x21 ./Core/Src/i2c.o
 .debug_rnglists
                0x00000048       0x27 ./Core/Src/i2s.o
 .debug_rnglists
                0x0000006f       0x5e ./Core/Src/main.o
 .debug_rnglists
                0x000000cd       0x13 ./Core/Src/stm32h7xx_hal_msp.o
 .debug_rnglists
                0x000000e0       0x55 ./Core/Src/stm32h7xx_it.o
 .debug_rnglists
                0x00000135       0x21 ./Core/Src/system_stm32h7xx.o
 .debug_rnglists
                0x00000156       0x21 ./Core/Src/usart.o
 .debug_rnglists
                0x00000177       0x19 ./Core/Startup/startup_stm32h743vitx.o
 .debug_rnglists
                0x00000190      0x131 ./Drivers/STM32H7xx_HAL_Driver/Src/stm32h7xx_hal.o
 .debug_rnglists
                0x000002c1       0xe0 ./Drivers/STM32H7xx_HAL_Driver/Src/stm32h7xx_hal_cortex.o
 .debug_rnglists
                0x000003a1       0x82 ./Drivers/STM32H7xx_HAL_Driver/Src/stm32h7xx_hal_dma.o
 .debug_rnglists
                0x00000423       0x3f ./Drivers/STM32H7xx_HAL_Driver/Src/stm32h7xx_hal_gpio.o
 .debug_rnglists
                0x00000462      0x22a ./Drivers/STM32H7xx_HAL_Driver/Src/stm32h7xx_hal_i2c.o
 .debug_rnglists
                0x0000068c       0x35 ./Drivers/STM32H7xx_HAL_Driver/Src/stm32h7xx_hal_i2c_ex.o
 .debug_rnglists
                0x000006c1      0x113 ./Drivers/STM32H7xx_HAL_Driver/Src/stm32h7xx_hal_i2s.o
 .debug_rnglists
                0x000007d4       0xf4 ./Drivers/STM32H7xx_HAL_Driver/Src/stm32h7xx_hal_pcd.o
 .debug_rnglists
                0x000008c8       0x45 ./Drivers/STM32H7xx_HAL_Driver/Src/stm32h7xx_hal_pcd_ex.o
 .debug_rnglists
                0x0000090d      0x103 ./Drivers/STM32H7xx_HAL_Driver/Src/stm32h7xx_hal_pwr_ex.o
 .debug_rnglists
                0x00000a10       0x68 ./Drivers/STM32H7xx_HAL_Driver/Src/stm32h7xx_hal_rcc.o
 .debug_rnglists
                0x00000a78       0xc0 ./Drivers/STM32H7xx_HAL_Driver/Src/stm32h7xx_hal_rcc_ex.o
 .debug_rnglists
                0x00000b38      0x1fa ./Drivers/STM32H7xx_HAL_Driver/Src/stm32h7xx_hal_uart.o
 .debug_rnglists
                0x00000d32       0x7f ./Drivers/STM32H7xx_HAL_Driver/Src/stm32h7xx_hal_uart_ex.o
 .debug_rnglists
                0x00000db1      0x147 ./Drivers/STM32H7xx_HAL_Driver/Src/stm32h7xx_ll_usb.o
 .debug_rnglists
                0x00000ef8       0x6c ./Middlewares/ST/STM32_USB_Device_Library/Class/CDC/Src/usbd_cdc.o
 .debug_rnglists
                0x00000f64       0xa1 ./Middlewares/ST/STM32_USB_Device_Library/Core/Src/usbd_core.o
 .debug_rnglists
                0x00001005       0x6e ./Middlewares/ST/STM32_USB_Device_Library/Core/Src/usbd_ctlreq.o
 .debug_rnglists
                0x00001073       0x37 ./Middlewares/ST/STM32_USB_Device_Library/Core/Src/usbd_ioreq.o
 .debug_rnglists
                0x000010aa       0x13 ./USB_DEVICE/App/usb_device.o
 .debug_rnglists
                0x000010bd       0x32 ./USB_DEVICE/App/usbd_cdc_if.o
 .debug_rnglists
                0x000010ef       0x43 ./USB_DEVICE/App/usbd_desc.o
 .debug_rnglists
                0x00001132       0xc9 ./USB_DEVICE/Target/usbd_conf.o

.debug_macro    0x00000000    0x3ab8f
 .debug_macro   0x00000000      0x2da ./Core/Src/dma.o
 .debug_macro   0x000002da      0xaf6 ./Core/Src/dma.o
 .debug_macro   0x00000dd0      0x23e ./Core/Src/dma.o
 .debug_macro   0x0000100e       0x2e ./Core/Src/dma.o
 .debug_macro   0x0000103c       0x3b ./Core/Src/dma.o
 .debug_macro   0x00001077       0x22 ./Core/Src/dma.o
 .debug_macro   0x00001099       0x8e ./Core/Src/dma.o
 .debug_macro   0x00001127       0x51 ./Core/Src/dma.o
 .debug_macro   0x00001178      0x103 ./Core/Src/dma.o
 .debug_macro   0x0000127b       0x6a ./Core/Src/dma.o
 .debug_macro   0x000012e5      0x1df ./Core/Src/dma.o
 .debug_macro   0x000014c4       0x1c ./Core/Src/dma.o
 .debug_macro   0x000014e0       0x22 ./Core/Src/dma.o
 .debug_macro   0x00001502       0xfb ./Core/Src/dma.o
 .debug_macro   0x000015fd     0x1305 ./Core/Src/dma.o
 .debug_macro   0x00002902      0x11f ./Core/Src/dma.o
 .debug_macro   0x00002a21       0x27 ./Core/Src/dma.o
 .debug_macro   0x00002a48    0x25b9b ./Core/Src/dma.o
 .debug_macro   0x000285e3       0x6d ./Core/Src/dma.o
 .debug_macro   0x00028650     0x3d79 ./Core/Src/dma.o
 .debug_macro   0x0002c3c9      0x190 ./Core/Src/dma.o
 .debug_macro   0x0002c559       0x61 ./Core/Src/dma.o
 .debug_macro   0x0002c5ba       0x29 ./Core/Src/dma.o
 .debug_macro   0x0002c5e3       0x43 ./Core/Src/dma.o
 .debug_macro   0x0002c626       0x34 ./Core/Src/dma.o
 .debug_macro   0x0002c65a      0x370 ./Core/Src/dma.o
 .debug_macro   0x0002c9ca       0x16 ./Core/Src/dma.o
 .debug_macro   0x0002c9e0       0x4a ./Core/Src/dma.o
 .debug_macro   0x0002ca2a       0x34 ./Core/Src/dma.o
 .debug_macro   0x0002ca5e       0x10 ./Core/Src/dma.o
 .debug_macro   0x0002ca6e       0x58 ./Core/Src/dma.o
 .debug_macro   0x0002cac6       0x8e ./Core/Src/dma.o
 .debug_macro   0x0002cb54       0x1c ./Core/Src/dma.o
 .debug_macro   0x0002cb70      0x185 ./Core/Src/dma.o
 .debug_macro   0x0002ccf5      0x19b ./Core/Src/dma.o
 .debug_macro   0x0002ce90       0x5d ./Core/Src/dma.o
 .debug_macro   0x0002ceed     0x2382 ./Core/Src/dma.o
 .debug_macro   0x0002f26f     0x102c ./Core/Src/dma.o
 .debug_macro   0x0003029b      0x154 ./Core/Src/dma.o
 .debug_macro   0x000303ef      0x114 ./Core/Src/dma.o
 .debug_macro   0x00030503      0x3b6 ./Core/Src/dma.o
 .debug_macro   0x000308b9       0xac ./Core/Src/dma.o
 .debug_macro   0x00030965      0x72d ./Core/Src/dma.o
 .debug_macro   0x00031092      0x228 ./Core/Src/dma.o
 .debug_macro   0x000312ba       0x66 ./Core/Src/dma.o
 .debug_macro   0x00031320      0x3bb ./Core/Src/dma.o
 .debug_macro   0x000316db      0x3e4 ./Core/Src/dma.o
 .debug_macro   0x00031abf      0x275 ./Core/Src/dma.o
 .debug_macro   0x00031d34      0x3ca ./Core/Src/dma.o
 .debug_macro   0x000320fe      0x408 ./Core/Src/dma.o
 .debug_macro   0x00032506       0x51 ./Core/Src/dma.o
 .debug_macro   0x00032557       0x4a ./Core/Src/dma.o
 .debug_macro   0x000325a1      0x22c ./Core/Src/dma.o
 .debug_macro   0x000327cd       0x67 ./Core/Src/dma.o
 .debug_macro   0x00032834       0xa5 ./Core/Src/dma.o
 .debug_macro   0x000328d9      0x25d ./Core/Src/dma.o
 .debug_macro   0x00032b36      0x1c4 ./Core/Src/dma.o
 .debug_macro   0x00032cfa      0x25e ./Core/Src/dma.o
 .debug_macro   0x00032f58       0x35 ./Core/Src/dma.o
 .debug_macro   0x00032f8d      0x693 ./Core/Src/dma.o
 .debug_macro   0x00033620       0xa6 ./Core/Src/dma.o
 .debug_macro   0x000336c6      0x293 ./Core/Src/dma.o
 .debug_macro   0x00033959       0x90 ./Core/Src/dma.o
 .debug_macro   0x000339e9      0x5ac ./Core/Src/dma.o
 .debug_macro   0x00033f95       0x4c ./Core/Src/dma.o