../Core/Src/main.c:54:5:__io_putchar	16	static
../Core/Src/main.c:66:6:USB_CDC_RxHandler	16	static
../Core/Src/main.c:73:6:FirstHalfProcessAudio	16	static
../Core/Src/main.c:94:6:SecondHalfProcessAudio	16	static
../Core/Src/main.c:121:6:DAC3100_SetPage	32	static
../Core/Src/main.c:136:6:DAC3100_WriteRegister	32	static
../Core/Src/main.c:142:6:DAC3100_Init	16	static
../Core/Src/main.c:231:5:main	8	static
../Core/Src/main.c:341:6:SystemClock_Config	120	static
../Core/Src/main.c:397:6:HAL_I2S_RxHalfCpltCallback	16	static
../Core/Src/main.c:410:6:HAL_I2S_RxCpltCallback	16	static
../Core/Src/main.c:422:6:MPU_Config	24	static
../Core/Src/main.c:453:6:Error_Handler	4	static,ignoring_inline_asm
